Apache Maven 3.9.4 (dfbb324ad4a7c8fb0bf182e6d91b0ae20e3d2dd9)
Maven home: H:\apache-maven-3.9.4
Java version: 17.0.10, vendor: Oracle Corporation, runtime: C:\Program Files\Java\jdk-17
Default locale: zh_CN, platform encoding: GBK
OS name: "windows 10", version: "10.0", arch: "amd64", family: "windows"
[DEBUG] Created new class realm maven.api
[DEBUG] Importing foreign packages into class realm maven.api
[DEBUG]   Imported: javax.annotation.* < plexus.core
[DEBUG]   Imported: javax.annotation.security.* < plexus.core
[DEBUG]   Imported: javax.inject.* < plexus.core
[DEBUG]   Imported: org.apache.maven.* < plexus.core
[DEBUG]   Imported: org.apache.maven.artifact < plexus.core
[DEBUG]   Imported: org.apache.maven.classrealm < plexus.core
[DEBUG]   Imported: org.apache.maven.cli < plexus.core
[DEBUG]   Imported: org.apache.maven.configuration < plexus.core
[DEBUG]   Imported: org.apache.maven.exception < plexus.core
[DEBUG]   Imported: org.apache.maven.execution < plexus.core
[DEBUG]   Imported: org.apache.maven.execution.scope < plexus.core
[DEBUG]   Imported: org.apache.maven.graph < plexus.core
[DEBUG]   Imported: org.apache.maven.lifecycle < plexus.core
[DEBUG]   Imported: org.apache.maven.model < plexus.core
[DEBUG]   Imported: org.apache.maven.monitor < plexus.core
[DEBUG]   Imported: org.apache.maven.plugin < plexus.core
[DEBUG]   Imported: org.apache.maven.profiles < plexus.core
[DEBUG]   Imported: org.apache.maven.project < plexus.core
[DEBUG]   Imported: org.apache.maven.reporting < plexus.core
[DEBUG]   Imported: org.apache.maven.repository < plexus.core
[DEBUG]   Imported: org.apache.maven.rtinfo < plexus.core
[DEBUG]   Imported: org.apache.maven.settings < plexus.core
[DEBUG]   Imported: org.apache.maven.toolchain < plexus.core
[DEBUG]   Imported: org.apache.maven.usability < plexus.core
[DEBUG]   Imported: org.apache.maven.wagon.* < plexus.core
[DEBUG]   Imported: org.apache.maven.wagon.authentication < plexus.core
[DEBUG]   Imported: org.apache.maven.wagon.authorization < plexus.core
[DEBUG]   Imported: org.apache.maven.wagon.events < plexus.core
[DEBUG]   Imported: org.apache.maven.wagon.observers < plexus.core
[DEBUG]   Imported: org.apache.maven.wagon.proxy < plexus.core
[DEBUG]   Imported: org.apache.maven.wagon.repository < plexus.core
[DEBUG]   Imported: org.apache.maven.wagon.resource < plexus.core
[DEBUG]   Imported: org.codehaus.classworlds < plexus.core
[DEBUG]   Imported: org.codehaus.plexus.* < plexus.core
[DEBUG]   Imported: org.codehaus.plexus.classworlds < plexus.core
[DEBUG]   Imported: org.codehaus.plexus.component < plexus.core
[DEBUG]   Imported: org.codehaus.plexus.configuration < plexus.core
[DEBUG]   Imported: org.codehaus.plexus.container < plexus.core
[DEBUG]   Imported: org.codehaus.plexus.context < plexus.core
[DEBUG]   Imported: org.codehaus.plexus.lifecycle < plexus.core
[DEBUG]   Imported: org.codehaus.plexus.logging < plexus.core
[DEBUG]   Imported: org.codehaus.plexus.personality < plexus.core
[DEBUG]   Imported: org.codehaus.plexus.util.xml.Xpp3Dom < plexus.core
[DEBUG]   Imported: org.codehaus.plexus.util.xml.pull.XmlPullParser < plexus.core
[DEBUG]   Imported: org.codehaus.plexus.util.xml.pull.XmlPullParserException < plexus.core
[DEBUG]   Imported: org.codehaus.plexus.util.xml.pull.XmlSerializer < plexus.core
[DEBUG]   Imported: org.eclipse.aether.* < plexus.core
[DEBUG]   Imported: org.eclipse.aether.artifact < plexus.core
[DEBUG]   Imported: org.eclipse.aether.collection < plexus.core
[DEBUG]   Imported: org.eclipse.aether.deployment < plexus.core
[DEBUG]   Imported: org.eclipse.aether.graph < plexus.core
[DEBUG]   Imported: org.eclipse.aether.impl < plexus.core
[DEBUG]   Imported: org.eclipse.aether.installation < plexus.core
[DEBUG]   Imported: org.eclipse.aether.internal.impl < plexus.core
[DEBUG]   Imported: org.eclipse.aether.metadata < plexus.core
[DEBUG]   Imported: org.eclipse.aether.repository < plexus.core
[DEBUG]   Imported: org.eclipse.aether.resolution < plexus.core
[DEBUG]   Imported: org.eclipse.aether.spi < plexus.core
[DEBUG]   Imported: org.eclipse.aether.transfer < plexus.core
[DEBUG]   Imported: org.eclipse.aether.util < plexus.core
[DEBUG]   Imported: org.eclipse.aether.version < plexus.core
[DEBUG]   Imported: org.fusesource.jansi.* < plexus.core
[DEBUG]   Imported: org.slf4j.* < plexus.core
[DEBUG]   Imported: org.slf4j.event.* < plexus.core
[DEBUG]   Imported: org.slf4j.helpers.* < plexus.core
[DEBUG]   Imported: org.slf4j.spi.* < plexus.core
[DEBUG] Populating class realm maven.api
[DEBUG] Created adapter factory; available factories [file-lock, rwlock-local, semaphore-local, noop]; available name mappers [discriminating, file-gav, file-hgav, file-static, gav, static]
[INFO] Error stacktraces are turned on.
[DEBUG] Message scheme: color
[DEBUG] Message styles: debug info warning error success failure strong mojo project
[DEBUG] Reading global settings from H:\apache-maven-3.9.4\conf\settings.xml
[DEBUG] Reading user settings from C:\Users\admin\.m2\settings.xml
[DEBUG] Reading global toolchains from H:\apache-maven-3.9.4\conf\toolchains.xml
[DEBUG] Reading user toolchains from C:\Users\admin\.m2\toolchains.xml
[DEBUG] Using local repository at C:\Users\admin\.m2\repository
[DEBUG] Using manager EnhancedLocalRepositoryManager with priority 10.0 for C:\Users\admin\.m2\repository
[INFO] Scanning for projects...
[DEBUG] Creating adapter using nameMapper 'gav' and factory 'rwlock-local'
[DEBUG] Using mirror alimaven (http://maven.aliyun.com/nexus/content/groups/public/) for central (https://repo.maven.apache.org/maven2).
[DEBUG] Extension realms for project com.hospital:performance-system:jar:1.0.0: (none)
[DEBUG] Looking up lifecycle mappings for packaging jar from ClassRealm[plexus.core, parent: null]
[DEBUG] Using mirror aliyunmaven (https://maven.aliyun.com/repository/public) for sonatype-nexus-snapshots (https://oss.sonatype.org/content/repositories/snapshots).
[DEBUG] Using mirror aliyunmaven (https://maven.aliyun.com/repository/public) for apache.snapshots (https://repository.apache.org/snapshots).
[DEBUG] Extension realms for project org.springframework.boot:spring-boot-starter-parent:pom:3.2.0: (none)
[DEBUG] Looking up lifecycle mappings for packaging pom from ClassRealm[plexus.core, parent: null]
[DEBUG] Extension realms for project org.springframework.boot:spring-boot-dependencies:pom:3.2.0: (none)
[DEBUG] Looking up lifecycle mappings for packaging pom from ClassRealm[plexus.core, parent: null]
[DEBUG] === REACTOR BUILD PLAN ================================================
[DEBUG] Project: com.hospital:performance-system:jar:1.0.0
[DEBUG] Tasks:   [compile]
[DEBUG] Style:   Regular
[DEBUG] =======================================================================
[INFO] 
[INFO] ------------------< com.hospital:performance-system >-------------------
[INFO] Building Hospital Performance Management System 1.0.0
[INFO]   from pom.xml
[INFO] --------------------------------[ jar ]---------------------------------
[DEBUG] Lifecycle clean -> [pre-clean, clean, post-clean]
[DEBUG] Lifecycle default -> [validate, initialize, generate-sources, process-sources, generate-resources, process-resources, compile, process-classes, generate-test-sources, process-test-sources, generate-test-resources, process-test-resources, test-compile, process-test-classes, test, prepare-package, package, pre-integration-test, integration-test, post-integration-test, verify, install, deploy]
[DEBUG] Lifecycle site -> [pre-site, site, post-site, site-deploy]
[DEBUG] Using mirror aliyunmaven (https://maven.aliyun.com/repository/public) for plexus.snapshots (https://oss.sonatype.org/content/repositories/plexus-snapshots).
[DEBUG] Lifecycle clean -> [pre-clean, clean, post-clean]
[DEBUG] Lifecycle default -> [validate, initialize, generate-sources, process-sources, generate-resources, process-resources, compile, process-classes, generate-test-sources, process-test-sources, generate-test-resources, process-test-resources, test-compile, process-test-classes, test, prepare-package, package, pre-integration-test, integration-test, post-integration-test, verify, install, deploy]
[DEBUG] Lifecycle site -> [pre-site, site, post-site, site-deploy]
[DEBUG] Lifecycle clean -> [pre-clean, clean, post-clean]
[DEBUG] Lifecycle default -> [validate, initialize, generate-sources, process-sources, generate-resources, process-resources, compile, process-classes, generate-test-sources, process-test-sources, generate-test-resources, process-test-resources, test-compile, process-test-classes, test, prepare-package, package, pre-integration-test, integration-test, post-integration-test, verify, install, deploy]
[DEBUG] Lifecycle site -> [pre-site, site, post-site, site-deploy]
[DEBUG] === PROJECT BUILD PLAN ================================================
[DEBUG] Project:       com.hospital:performance-system:1.0.0
[DEBUG] Dependencies (collect): []
[DEBUG] Dependencies (resolve): [compile]
[DEBUG] Repositories (dependencies): [alimaven (http://maven.aliyun.com/nexus/content/groups/public/, default, releases)]
[DEBUG] Repositories (plugins)     : [alimaven (http://maven.aliyun.com/nexus/content/groups/public/, default, releases)]
[DEBUG] -----------------------------------------------------------------------
[DEBUG] Goal:          org.apache.maven.plugins:maven-resources-plugin:3.3.1:resources (default-resources)
[DEBUG] Style:         Regular
[DEBUG] Configuration: <?xml version="1.0" encoding="UTF-8"?>
<configuration>
  <addDefaultExcludes default-value="true"/>
  <buildFilters default-value="${project.build.filters}"/>
  <delimiters>
    <delimiter>@</delimiter>
  </delimiters>
  <encoding default-value="${project.build.sourceEncoding}"/>
  <escapeWindowsPaths default-value="true"/>
  <fileNameFiltering default-value="false"/>
  <includeEmptyDirs default-value="false"/>
  <outputDirectory default-value="${project.build.outputDirectory}"/>
  <overwrite default-value="false"/>
  <project default-value="${project}"/>
  <propertiesEncoding>UTF-8</propertiesEncoding>
  <resources default-value="${project.resources}"/>
  <session default-value="${session}"/>
  <skip default-value="false">${maven.resources.skip}</skip>
  <supportMultiLineFiltering default-value="false"/>
  <useBuildFilters default-value="true"/>
  <useDefaultDelimiters default-value="true">false</useDefaultDelimiters>
</configuration>
[DEBUG] -----------------------------------------------------------------------
[DEBUG] Goal:          org.apache.maven.plugins:maven-compiler-plugin:3.11.0:compile (default-compile)
[DEBUG] Style:         Regular
[DEBUG] Configuration: <?xml version="1.0" encoding="UTF-8"?>
<configuration>
  <annotationProcessorPaths>
    <path>
      <groupId>org.projectlombok</groupId>
      <artifactId>lombok</artifactId>
      <version>1.18.30</version>
    </path>
  </annotationProcessorPaths>
  <basedir default-value="${basedir}"/>
  <buildDirectory default-value="${project.build.directory}"/>
  <compilePath default-value="${project.compileClasspathElements}"/>
  <compileSourceRoots default-value="${project.compileSourceRoots}"/>
  <compilerId default-value="javac">${maven.compiler.compilerId}</compilerId>
  <compilerReuseStrategy default-value="${reuseCreated}">${maven.compiler.compilerReuseStrategy}</compilerReuseStrategy>
  <compilerVersion>${maven.compiler.compilerVersion}</compilerVersion>
  <createMissingPackageInfoClass default-value="true">${maven.compiler.createMissingPackageInfoClass}</createMissingPackageInfoClass>
  <debug default-value="true">${maven.compiler.debug}</debug>
  <debugFileName default-value="javac"/>
  <debuglevel>${maven.compiler.debuglevel}</debuglevel>
  <enablePreview default-value="false">${maven.compiler.enablePreview}</enablePreview>
  <encoding default-value="${project.build.sourceEncoding}">${encoding}</encoding>
  <executable>${maven.compiler.executable}</executable>
  <failOnError default-value="true">${maven.compiler.failOnError}</failOnError>
  <failOnWarning default-value="false">${maven.compiler.failOnWarning}</failOnWarning>
  <forceJavacCompilerUse default-value="false">${maven.compiler.forceJavacCompilerUse}</forceJavacCompilerUse>
  <fork default-value="false">${maven.compiler.fork}</fork>
  <generatedSourcesDirectory default-value="${project.build.directory}/generated-sources/annotations"/>
  <implicit>${maven.compiler.implicit}</implicit>
  <maxmem>${maven.compiler.maxmem}</maxmem>
  <meminitial>${maven.compiler.meminitial}</meminitial>
  <mojoExecution default-value="${mojoExecution}"/>
  <optimize default-value="false">${maven.compiler.optimize}</optimize>
  <outputDirectory default-value="${project.build.outputDirectory}"/>
  <parameters default-value="false">true</parameters>
  <project default-value="${project}"/>
  <projectArtifact default-value="${project.artifact}"/>
  <release>${maven.compiler.release}</release>
  <session default-value="${session}"/>
  <showCompilationChanges default-value="false">${maven.compiler.showCompilationChanges}</showCompilationChanges>
  <showDeprecation default-value="false">${maven.compiler.showDeprecation}</showDeprecation>
  <showWarnings default-value="true">${maven.compiler.showWarnings}</showWarnings>
  <skipMain>${maven.main.skip}</skipMain>
  <skipMultiThreadWarning default-value="false">${maven.compiler.skipMultiThreadWarning}</skipMultiThreadWarning>
  <source default-value="1.8">17</source>
  <staleMillis default-value="0">${lastModGranularityMs}</staleMillis>
  <target default-value="1.8">17</target>
  <useIncrementalCompilation default-value="true">${maven.compiler.useIncrementalCompilation}</useIncrementalCompilation>
  <verbose default-value="false">${maven.compiler.verbose}</verbose>
</configuration>
[DEBUG] =======================================================================
[DEBUG] Using mirror aliyunmaven (https://maven.aliyun.com/repository/public) for ow2-snapshot (https://repository.ow2.org/nexus/content/repositories/snapshots).
[DEBUG] Using mirror aliyunmaven (https://maven.aliyun.com/repository/public) for jboss-public-repository-group (https://repository.jboss.org/nexus/content/groups/public/).
[DEBUG] Using mirror maven-default-http-blocker (http://0.0.0.0/) for apache.snapshots (http://repository.apache.org/snapshots).
[DEBUG] Using mirror aliyunmaven (https://maven.aliyun.com/repository/public) for sonatype-oss-snapshots (https://oss.sonatype.org/content/repositories/snapshots).
[DEBUG] Using mirror aliyunmaven (https://maven.aliyun.com/repository/public) for spring-milestone (https://repo.spring.io/milestone).
[DEBUG] Using mirror aliyunmaven (https://maven.aliyun.com/repository/public) for spring-snapshot (https://repo.spring.io/snapshot).
[DEBUG] Using mirror aliyunmaven (https://maven.aliyun.com/repository/public) for ossrh (https://oss.sonatype.org/content/repositories/snapshots).
[DEBUG] Using mirror aliyunmaven (https://maven.aliyun.com/repository/public) for bintray-jwtk-coveralls-maven-plugin (https://dl.bintray.com/jwtk/coveralls-maven-plugin).
[DEBUG] Using mirror maven-default-http-blocker (http://0.0.0.0/) for vaadin-snapshots (http://oss.sonatype.org/content/repositories/vaadin-snapshots/).
[DEBUG] Using mirror maven-default-http-blocker (http://0.0.0.0/) for vaadin-releases (http://oss.sonatype.org/content/repositories/vaadin-releases/).
[DEBUG] Dependency collection stats {ConflictMarker.analyzeTime=13013800, ConflictMarker.markTime=809400, ConflictMarker.nodeCount=335, ConflictIdSorter.graphTime=2331900, ConflictIdSorter.topsortTime=1464300, ConflictIdSorter.conflictIdCount=130, ConflictIdSorter.conflictIdCycleCount=0, ConflictResolver.totalTime=84013400, ConflictResolver.conflictItemCount=264, DfDependencyCollector.collectTime=4262242600, DfDependencyCollector.transformTime=106734500}
[DEBUG] com.hospital:performance-system:jar:1.0.0
[DEBUG]    org.springframework.boot:spring-boot-starter-web:jar:3.2.0:compile
[DEBUG]       org.springframework.boot:spring-boot-starter:jar:3.2.0:compile (version managed from 3.2.0)
[DEBUG]          org.springframework.boot:spring-boot:jar:3.2.0:compile (version managed from 3.2.0)
[DEBUG]          org.springframework.boot:spring-boot-starter-logging:jar:3.2.0:compile (version managed from 3.2.0)
[DEBUG]             ch.qos.logback:logback-classic:jar:1.4.11:compile (version managed from 1.4.11)
[DEBUG]                ch.qos.logback:logback-core:jar:1.4.11:compile (version managed from 1.4.11)
[DEBUG]             org.apache.logging.log4j:log4j-to-slf4j:jar:2.21.1:compile (version managed from 2.21.1)
[DEBUG]             org.slf4j:jul-to-slf4j:jar:2.0.9:compile (version managed from 2.0.9)
[DEBUG]          jakarta.annotation:jakarta.annotation-api:jar:2.1.1:compile (version managed from 2.1.1)
[DEBUG]          org.yaml:snakeyaml:jar:2.2:compile (version managed from 2.2)
[DEBUG]       org.springframework.boot:spring-boot-starter-json:jar:3.2.0:compile (version managed from 3.2.0)
[DEBUG]          com.fasterxml.jackson.datatype:jackson-datatype-jdk8:jar:2.15.3:compile (version managed from 2.15.3)
[DEBUG]          com.fasterxml.jackson.datatype:jackson-datatype-jsr310:jar:2.15.3:compile (version managed from 2.15.3)
[DEBUG]          com.fasterxml.jackson.module:jackson-module-parameter-names:jar:2.15.3:compile (version managed from 2.15.3)
[DEBUG]       org.springframework.boot:spring-boot-starter-tomcat:jar:3.2.0:compile (version managed from 3.2.0)
[DEBUG]          org.apache.tomcat.embed:tomcat-embed-core:jar:10.1.16:compile (version managed from 10.1.16)
[DEBUG]          org.apache.tomcat.embed:tomcat-embed-websocket:jar:10.1.16:compile (version managed from 10.1.16)
[DEBUG]       org.springframework:spring-web:jar:6.1.1:compile (version managed from 6.1.1)
[DEBUG]          org.springframework:spring-beans:jar:6.1.1:compile (version managed from 6.1.1)
[DEBUG]          io.micrometer:micrometer-observation:jar:1.12.0:compile (version managed from 1.12.0)
[DEBUG]             io.micrometer:micrometer-commons:jar:1.12.0:compile (version managed from 1.12.0)
[DEBUG]       org.springframework:spring-webmvc:jar:6.1.1:compile (version managed from 6.1.1)
[DEBUG]          org.springframework:spring-context:jar:6.1.1:compile (version managed from 6.1.1)
[DEBUG]          org.springframework:spring-expression:jar:6.1.1:compile (version managed from 6.1.1)
[DEBUG]    org.springframework.boot:spring-boot-starter-security:jar:3.2.0:compile
[DEBUG]       org.springframework:spring-aop:jar:6.1.1:compile (version managed from 6.1.1)
[DEBUG]       org.springframework.security:spring-security-config:jar:6.2.0:compile (version managed from 6.2.0)
[DEBUG]          org.springframework.security:spring-security-core:jar:6.2.0:compile (version managed from 6.2.0)
[DEBUG]             org.springframework.security:spring-security-crypto:jar:6.2.0:compile (version managed from 6.2.0)
[DEBUG]       org.springframework.security:spring-security-web:jar:6.2.0:compile (version managed from 6.2.0)
[DEBUG]    org.springframework.boot:spring-boot-starter-data-redis:jar:3.2.0:compile
[DEBUG]       io.lettuce:lettuce-core:jar:6.3.0.RELEASE:compile (version managed from 6.3.0.RELEASE)
[DEBUG]          io.netty:netty-common:jar:4.1.101.Final:compile (version managed from 4.1.101.Final)
[DEBUG]          io.netty:netty-handler:jar:4.1.101.Final:compile (version managed from 4.1.101.Final)
[DEBUG]             io.netty:netty-resolver:jar:4.1.101.Final:compile (version managed from 4.1.101.Final)
[DEBUG]             io.netty:netty-buffer:jar:4.1.101.Final:compile (version managed from 4.1.101.Final)
[DEBUG]             io.netty:netty-transport-native-unix-common:jar:4.1.101.Final:compile (version managed from 4.1.101.Final)
[DEBUG]             io.netty:netty-codec:jar:4.1.101.Final:compile (version managed from 4.1.101.Final)
[DEBUG]          io.netty:netty-transport:jar:4.1.101.Final:compile (version managed from 4.1.101.Final)
[DEBUG]          io.projectreactor:reactor-core:jar:3.6.0:compile (version managed from 3.6.0)
[DEBUG]             org.reactivestreams:reactive-streams:jar:1.0.4:compile (version managed from 1.0.4)
[DEBUG]       org.springframework.data:spring-data-redis:jar:3.2.0:compile (version managed from 3.2.0)
[DEBUG]          org.springframework.data:spring-data-keyvalue:jar:3.2.0:compile (version managed from 3.2.0)
[DEBUG]             org.springframework.data:spring-data-commons:jar:3.2.0:compile (version managed from 3.2.0)
[DEBUG]          org.springframework:spring-tx:jar:6.1.1:compile (version managed from 6.1.0)
[DEBUG]          org.springframework:spring-oxm:jar:6.1.1:compile (version managed from 6.1.0)
[DEBUG]          org.springframework:spring-context-support:jar:6.1.1:compile (version managed from 6.1.0)
[DEBUG]    org.springframework.boot:spring-boot-starter-validation:jar:3.2.0:compile
[DEBUG]       org.apache.tomcat.embed:tomcat-embed-el:jar:10.1.16:compile (version managed from 10.1.16)
[DEBUG]       org.hibernate.validator:hibernate-validator:jar:8.0.1.Final:compile (version managed from 8.0.1.Final)
[DEBUG]          jakarta.validation:jakarta.validation-api:jar:3.0.2:compile (version managed from 3.0.2)
[DEBUG]          org.jboss.logging:jboss-logging:jar:3.5.3.Final:compile (version managed from 3.4.3.Final)
[DEBUG]          com.fasterxml:classmate:jar:1.6.0:compile (version managed from 1.5.1)
[DEBUG]    com.mysql:mysql-connector-j:jar:8.1.0:runtime (exclusions managed from [com.google.protobuf:protobuf-java:*:*])
[DEBUG]    com.alibaba:druid-spring-boot-starter:jar:1.2.20:compile
[DEBUG]       com.alibaba:druid:jar:1.2.20:compile
[DEBUG]       org.slf4j:slf4j-api:jar:2.0.9:compile (version managed from 1.7.26)
[DEBUG]       org.springframework.boot:spring-boot-autoconfigure:jar:3.2.0:compile (version managed from 1.5.22.RELEASE)
[DEBUG]       org.glassfish.jaxb:jaxb-runtime:jar:4.0.4:compile (version managed from 2.3.2)
[DEBUG]          org.glassfish.jaxb:jaxb-core:jar:4.0.4:compile (version managed from 4.0.4)
[DEBUG]             org.eclipse.angus:angus-activation:jar:2.0.1:runtime (version managed from 2.0.1)
[DEBUG]             org.glassfish.jaxb:txw2:jar:4.0.4:compile (version managed from 4.0.4)
[DEBUG]             com.sun.istack:istack-commons-runtime:jar:4.1.2:compile (version managed from 4.1.2)
[DEBUG]    org.mybatis.spring.boot:mybatis-spring-boot-starter:jar:3.0.4:compile
[DEBUG]       org.springframework.boot:spring-boot-starter-jdbc:jar:3.2.0:compile (version managed from 3.4.0)
[DEBUG]          com.zaxxer:HikariCP:jar:5.0.1:compile (version managed from 5.0.1)
[DEBUG]          org.springframework:spring-jdbc:jar:6.1.1:compile (version managed from 6.1.1)
[DEBUG]       org.mybatis.spring.boot:mybatis-spring-boot-autoconfigure:jar:3.0.4:compile
[DEBUG]       org.mybatis:mybatis:jar:3.5.17:compile
[DEBUG]    com.baomidou:mybatis-plus-boot-starter:jar:3.5.9:compile
[DEBUG]       com.baomidou:mybatis-plus:jar:3.5.9:compile
[DEBUG]          com.baomidou:mybatis-plus-core:jar:3.5.9:compile
[DEBUG]          com.baomidou:mybatis-plus-annotation:jar:3.5.9:compile
[DEBUG]          com.baomidou:mybatis-plus-spring:jar:3.5.9:compile
[DEBUG]             com.baomidou:mybatis-plus-extension:jar:3.5.9:compile
[DEBUG]       com.baomidou:mybatis-plus-spring-boot-autoconfigure:jar:3.5.9:compile
[DEBUG]    org.mybatis:mybatis-spring:jar:3.0.3:compile
[DEBUG]    io.jsonwebtoken:jjwt-api:jar:0.11.5:compile
[DEBUG]    io.jsonwebtoken:jjwt-impl:jar:0.11.5:compile
[DEBUG]    io.jsonwebtoken:jjwt-jackson:jar:0.11.5:compile
[DEBUG]       com.fasterxml.jackson.core:jackson-databind:jar:2.15.3:compile (version managed from 2.12.6.1)
[DEBUG]          com.fasterxml.jackson.core:jackson-annotations:jar:2.15.3:compile (version managed from 2.15.3)
[DEBUG]          com.fasterxml.jackson.core:jackson-core:jar:2.15.3:compile (version managed from 2.15.3)
[DEBUG]    cn.hutool:hutool-all:jar:5.8.22:compile
[DEBUG]    org.projectlombok:lombok:jar:1.18.30:compile (optional)
[DEBUG]    org.apache.commons:commons-lang3:jar:3.13.0:compile
[DEBUG]    org.apache.poi:poi:jar:5.2.4:compile
[DEBUG]       commons-codec:commons-codec:jar:1.16.0:compile (version managed from 1.16.0)
[DEBUG]       org.apache.commons:commons-collections4:jar:4.4:compile
[DEBUG]       org.apache.commons:commons-math3:jar:3.6.1:compile
[DEBUG]       commons-io:commons-io:jar:2.13.0:compile
[DEBUG]       com.zaxxer:SparseBitSet:jar:1.3:compile
[DEBUG]       org.apache.logging.log4j:log4j-api:jar:2.21.1:compile (version managed from 2.20.0)
[DEBUG]    org.apache.poi:poi-ooxml:jar:5.2.4:compile
[DEBUG]       org.apache.poi:poi-ooxml-lite:jar:5.2.4:compile
[DEBUG]       org.apache.xmlbeans:xmlbeans:jar:5.1.1:compile
[DEBUG]       org.apache.commons:commons-compress:jar:1.24.0:compile
[DEBUG]       com.github.virtuald:curvesapi:jar:1.08:compile
[DEBUG]    org.apache.poi:poi-scratchpad:jar:5.2.4:compile
[DEBUG]    org.springframework.boot:spring-boot-starter-test:jar:3.2.0:test
[DEBUG]       org.springframework.boot:spring-boot-test:jar:3.2.0:test (version managed from 3.2.0)
[DEBUG]       org.springframework.boot:spring-boot-test-autoconfigure:jar:3.2.0:test (version managed from 3.2.0)
[DEBUG]       com.jayway.jsonpath:json-path:jar:2.8.0:test (version managed from 2.8.0)
[DEBUG]       jakarta.xml.bind:jakarta.xml.bind-api:jar:4.0.1:compile (version managed from 4.0.1)
[DEBUG]          jakarta.activation:jakarta.activation-api:jar:2.1.2:compile (version managed from 2.1.2)
[DEBUG]       net.minidev:json-smart:jar:2.5.0:test (version managed from 2.5.0)
[DEBUG]          net.minidev:accessors-smart:jar:2.5.0:test
[DEBUG]             org.ow2.asm:asm:jar:9.3:test
[DEBUG]       org.assertj:assertj-core:jar:3.24.2:test (version managed from 3.24.2)
[DEBUG]          net.bytebuddy:byte-buddy:jar:1.14.10:test (version managed from 1.12.21)
[DEBUG]       org.awaitility:awaitility:jar:4.2.0:test (version managed from 4.2.0)
[DEBUG]       org.hamcrest:hamcrest:jar:2.2:test (version managed from 2.2)
[DEBUG]       org.junit.jupiter:junit-jupiter:jar:5.10.1:test (version managed from 5.10.1)
[DEBUG]          org.junit.jupiter:junit-jupiter-api:jar:5.10.1:test (version managed from 5.10.1)
[DEBUG]             org.opentest4j:opentest4j:jar:1.3.0:test
[DEBUG]             org.junit.platform:junit-platform-commons:jar:1.10.1:test (version managed from 1.10.1)
[DEBUG]             org.apiguardian:apiguardian-api:jar:1.1.2:test
[DEBUG]          org.junit.jupiter:junit-jupiter-params:jar:5.10.1:test (version managed from 5.10.1)
[DEBUG]          org.junit.jupiter:junit-jupiter-engine:jar:5.10.1:test (version managed from 5.10.1)
[DEBUG]             org.junit.platform:junit-platform-engine:jar:1.10.1:test (version managed from 1.10.1)
[DEBUG]       org.mockito:mockito-core:jar:5.7.0:test (version managed from 5.7.0)
[DEBUG]          net.bytebuddy:byte-buddy-agent:jar:1.14.10:test (version managed from 1.14.9)
[DEBUG]          org.objenesis:objenesis:jar:3.3:test
[DEBUG]       org.mockito:mockito-junit-jupiter:jar:5.7.0:test (version managed from 5.7.0)
[DEBUG]       org.skyscreamer:jsonassert:jar:1.5.1:test (version managed from 1.5.1)
[DEBUG]          com.vaadin.external.google:android-json:jar:0.0.20131108.vaadin1:test
[DEBUG]       org.springframework:spring-core:jar:6.1.1:compile (version managed from 6.1.1)
[DEBUG]          org.springframework:spring-jcl:jar:6.1.1:compile (version managed from 6.1.1)
[DEBUG]       org.springframework:spring-test:jar:6.1.1:test (version managed from 6.1.1)
[DEBUG]       org.xmlunit:xmlunit-core:jar:2.9.1:test (version managed from 2.9.1)
[INFO] 
[INFO] --- resources:3.3.1:resources (default-resources) @ performance-system ---
[WARNING] The POM for commons-io:commons-io:jar:2.11.0 is invalid, transitive dependencies (if any) will not be available: 1 problem was encountered while building the effective model for commons-io:commons-io:2.11.0
[FATAL] Non-parseable POM C:\Users\admin\.m2\repository\org\apache\commons\commons-parent\52\commons-parent-52.pom: unexpected markup <!d (position: START_DOCUMENT seen \n<!d... @2:4)  @ C:\Users\admin\.m2\repository\org\apache\commons\commons-parent\52\commons-parent-52.pom, line 2, column 4

[WARNING] The POM for org.apache.commons:commons-lang3:jar:3.12.0 is invalid, transitive dependencies (if any) will not be available: 1 problem was encountered while building the effective model for org.apache.commons:commons-lang3:3.12.0
[FATAL] Non-parseable POM C:\Users\admin\.m2\repository\org\apache\commons\commons-parent\52\commons-parent-52.pom: unexpected markup <!d (position: START_DOCUMENT seen \n<!d... @2:4)  @ C:\Users\admin\.m2\repository\org\apache\commons\commons-parent\52\commons-parent-52.pom, line 2, column 4

[DEBUG] Dependency collection stats {ConflictMarker.analyzeTime=211900, ConflictMarker.markTime=105400, ConflictMarker.nodeCount=13, ConflictIdSorter.graphTime=133300, ConflictIdSorter.topsortTime=29600, ConflictIdSorter.conflictIdCount=9, ConflictIdSorter.conflictIdCycleCount=0, ConflictResolver.totalTime=893600, ConflictResolver.conflictItemCount=13, DfDependencyCollector.collectTime=137218900, DfDependencyCollector.transformTime=1573000}
[DEBUG] org.apache.maven.plugins:maven-resources-plugin:jar:3.3.1
[DEBUG]    org.codehaus.plexus:plexus-interpolation:jar:1.26:runtime
[DEBUG]    org.codehaus.plexus:plexus-utils:jar:3.5.1:compile
[DEBUG]    org.apache.maven.shared:maven-filtering:jar:3.3.1:compile
[DEBUG]       javax.inject:javax.inject:jar:1:compile
[DEBUG]       org.slf4j:slf4j-api:jar:1.7.36:compile
[DEBUG]       org.sonatype.plexus:plexus-build-api:jar:0.0.7:compile
[DEBUG]    commons-io:commons-io:jar:2.11.0:compile
[DEBUG]    org.apache.commons:commons-lang3:jar:3.12.0:compile
[DEBUG] Created new class realm plugin>org.apache.maven.plugins:maven-resources-plugin:3.3.1
[DEBUG] Importing foreign packages into class realm plugin>org.apache.maven.plugins:maven-resources-plugin:3.3.1
[DEBUG]   Imported:  < maven.api
[DEBUG] Populating class realm plugin>org.apache.maven.plugins:maven-resources-plugin:3.3.1
[DEBUG]   Included: org.apache.maven.plugins:maven-resources-plugin:jar:3.3.1
[DEBUG]   Included: org.codehaus.plexus:plexus-interpolation:jar:1.26
[DEBUG]   Included: org.codehaus.plexus:plexus-utils:jar:3.5.1
[DEBUG]   Included: org.apache.maven.shared:maven-filtering:jar:3.3.1
[DEBUG]   Included: org.sonatype.plexus:plexus-build-api:jar:0.0.7
[DEBUG]   Included: commons-io:commons-io:jar:2.11.0
[DEBUG]   Included: org.apache.commons:commons-lang3:jar:3.12.0
[DEBUG] Loading mojo org.apache.maven.plugins:maven-resources-plugin:3.3.1:resources from plugin realm ClassRealm[plugin>org.apache.maven.plugins:maven-resources-plugin:3.3.1, parent: jdk.internal.loader.ClassLoaders$AppClassLoader@55f96302]
[DEBUG] Configuring mojo execution 'org.apache.maven.plugins:maven-resources-plugin:3.3.1:resources:default-resources' with basic configurator -->
[DEBUG]   (f) addDefaultExcludes = true
[DEBUG]   (f) buildFilters = []
[DEBUG]   (s) delimiters = [@]
[DEBUG]   (f) encoding = UTF-8
[DEBUG]   (f) escapeWindowsPaths = true
[DEBUG]   (f) fileNameFiltering = false
[DEBUG]   (s) includeEmptyDirs = false
[DEBUG]   (s) outputDirectory = H:\Java\test\target\classes
[DEBUG]   (s) overwrite = false
[DEBUG]   (f) project = MavenProject: com.hospital:performance-system:1.0.0 @ H:\Java\test\pom.xml
[DEBUG]   (f) propertiesEncoding = UTF-8
[DEBUG]   (s) resources = [Resource {targetPath: null, filtering: true, FileSet {directory: H:\Java\test\src\main\resources, PatternSet [includes: {**/application*.yml, **/application*.yaml, **/application*.properties}, excludes: {}]}}, Resource {targetPath: null, filtering: false, FileSet {directory: H:\Java\test\src\main\resources, PatternSet [includes: {}, excludes: {**/application*.yml, **/application*.yaml, **/application*.properties}]}}]
[DEBUG]   (f) session = org.apache.maven.execution.MavenSession@606f81b5
[DEBUG]   (f) skip = false
[DEBUG]   (f) supportMultiLineFiltering = false
[DEBUG]   (f) useBuildFilters = true
[DEBUG]   (s) useDefaultDelimiters = false
[DEBUG] -- end configuration --
[DEBUG] properties used:
[DEBUG] activemq.version: 5.18.3
[DEBUG] angus-mail.version: 2.0.2
[DEBUG] artemis.version: 2.31.2
[DEBUG] aspectj.version: 1.9.20.1
[DEBUG] assertj.version: 3.24.2
[DEBUG] awaitility.version: 4.2.0
[DEBUG] brave.version: 5.16.0
[DEBUG] build-helper-maven-plugin.version: 3.4.0
[DEBUG] byte-buddy.version: 1.14.10
[DEBUG] cache2k.version: 2.6.1.Final
[DEBUG] caffeine.version: 3.1.8
[DEBUG] cassandra-driver.version: 4.17.0
[DEBUG] classmate.version: 1.6.0
[DEBUG] classworlds.conf: H:/apache-maven-3.9.4/bin/m2.conf
[DEBUG] commons-codec.version: 1.16.0
[DEBUG] commons-dbcp2.version: 2.10.0
[DEBUG] commons-lang3.version: 3.13.0
[DEBUG] commons-pool.version: 1.6
[DEBUG] commons-pool2.version: 2.12.0
[DEBUG] couchbase-client.version: 3.4.11
[DEBUG] crac.version: 1.4.0
[DEBUG] db2-jdbc.version: 11.5.9.0
[DEBUG] dependency-management-plugin.version: 1.1.4
[DEBUG] derby.version: 10.16.1.1
[DEBUG] dropwizard-metrics.version: 4.2.22
[DEBUG] druid.version: 1.2.20
[DEBUG] ehcache3.version: 3.10.8
[DEBUG] elasticsearch-client.version: 8.10.4
[DEBUG] env.ALLUSERSPROFILE: C:\ProgramData
[DEBUG] env.APPDATA: C:\Users\admin\AppData\Roaming
[DEBUG] env.CHOCOLATEYINSTALL: C:\ProgramData\chocolatey
[DEBUG] env.CHOCOLATEYLASTPATHUPDATE: 133971476238221033
[DEBUG] env.COMMONPROGRAMFILES: C:\Program Files\Common Files
[DEBUG] env.COMMONPROGRAMFILES(X86): C:\Program Files (x86)\Common Files
[DEBUG] env.COMMONPROGRAMW6432: C:\Program Files\Common Files
[DEBUG] env.COMPUTERNAME: DESKTOP-H0E7U6U
[DEBUG] env.COMSPEC: C:\Windows\system32\cmd.exe
[DEBUG] env.DRIVERDATA: C:\Windows\System32\Drivers\DriverData
[DEBUG] env.EXEPATH: C:\Program Files\Git\bin
[DEBUG] env.GOPATH: C:\Users\admin\go
[DEBUG] env.HOME: C:\Users\admin
[DEBUG] env.HOMEDRIVE: C:
[DEBUG] env.HOMEPATH: \Users\admin
[DEBUG] env.JAVA_HOME: C:/Program Files/Java/jdk-17
[DEBUG] env.LOCALAPPDATA: C:\Users\admin\AppData\Local
[DEBUG] env.LOGONSERVER: \\DESKTOP-H0E7U6U
[DEBUG] env.MAVEN_CMD_LINE_ARGS:  compile -X
[DEBUG] env.MAVEN_PROJECTBASEDIR: H:/Java/test
[DEBUG] env.MSYSTEM: MINGW64
[DEBUG] env.NUMBER_OF_PROCESSORS: 4
[DEBUG] env.OLDPWD: H:/Java/test
[DEBUG] env.ONEDRIVE: C:\Users\admin\OneDrive
[DEBUG] env.OS: Windows_NT
[DEBUG] env.PATH: C:\Program Files\Git\mingw64\bin;C:\Program Files\Git\usr\bin;C:\Users\admin\bin;C:\Program Files\Common Files\Oracle\Java\javapath;C:\Program Files (x86)\Common Files\Oracle\Java\java8path;C:\Program Files (x86)\Common Files\Oracle\Java\javapath;C:\Windows\system32;C:\Windows;C:\Windows\System32\Wbem;C:\Windows\System32\WindowsPowerShell\v1.0;C:\Windows\System32\OpenSSH;C:\Program Files\Git\cmd;D:\Program Files\Go\bin;D:\Users\admin\AppData\Local\Programs\cursor\resources\app\bin;D:\Program Files\nodejs;C:\ProgramData\chocolatey\bin;C:\Program Files (x86)\Windows Kits\10\Windows Performance Toolkit;C:\Program Files\dotnet;H:\apache-maven-3.9.4\bin;C:\Users\admin\AppData\Local\Programs\Python\Python313\Scripts;C:\Users\admin\AppData\Local\Programs\Python\Python313;C:\Program Files\MySQL\MySQL Shell 8.0\bin;C:\Users\admin\AppData\Local\Microsoft\WindowsApps;C:\Users\admin\AppData\Local\JetBrains\Toolbox\scripts;C:\Users\admin\AppData\Local\GitHubDesktop\bin;C:\Users\admin\go\bin;C:\Users\admin\AppData\Roaming\npm;C:\Users\admin\.dotnet\tools;C:\Users\admin\AppData\Local\Programs\cursor\resources\app\bin
[DEBUG] env.PATHEXT: .COM;.EXE;.BAT;.CMD;.VBS;.VBE;.JS;.JSE;.WSF;.WSH;.MSC
[DEBUG] env.PLINK_PROTOCOL: ssh
[DEBUG] env.PROCESSOR_ARCHITECTURE: AMD64
[DEBUG] env.PROCESSOR_IDENTIFIER: Intel64 Family 6 Model 156 Stepping 0, GenuineIntel
[DEBUG] env.PROCESSOR_LEVEL: 6
[DEBUG] env.PROCESSOR_REVISION: 9c00
[DEBUG] env.PROGRAMDATA: C:\ProgramData
[DEBUG] env.PROGRAMFILES: C:\Program Files
[DEBUG] env.PROGRAMFILES(X86): C:\Program Files (x86)
[DEBUG] env.PROGRAMW6432: C:\Program Files
[DEBUG] env.PSMODULEPATH: %ProgramFiles%\WindowsPowerShell\Modules;C:\Windows\system32\WindowsPowerShell\v1.0\Modules
[DEBUG] env.PUBLIC: C:\Users\Public
[DEBUG] env.PWD: H:/Java/test
[DEBUG] env.SESSIONNAME: Console
[DEBUG] env.SHLVL: 2
[DEBUG] env.SYSTEMDRIVE: C:
[DEBUG] env.SYSTEMROOT: C:\Windows
[DEBUG] env.TEMP: C:\Users\admin\AppData\Local\Temp
[DEBUG] env.TERM: xterm-256color
[DEBUG] env.TERMINAL_EMULATOR: JetBrains-JediTerm
[DEBUG] env.TERM_SESSION_ID: 15ae481f-1750-4a27-a4b2-6afa694036df
[DEBUG] env.TMP: C:\Users\admin\AppData\Local\Temp
[DEBUG] env.TOOLBOX_VERSION: 2.7.0.48109
[DEBUG] env.USERDOMAIN: DESKTOP-H0E7U6U
[DEBUG] env.USERDOMAIN_ROAMINGPROFILE: DESKTOP-H0E7U6U
[DEBUG] env.USERNAME: admin
[DEBUG] env.USERPROFILE: C:\Users\admin
[DEBUG] env.WINDIR: C:\Windows
[DEBUG] env.ZES_ENABLE_SYSMAN: 1
[DEBUG] file.encoding: GBK
[DEBUG] file.separator: \
[DEBUG] flyway.version: 9.22.3
[DEBUG] freemarker.version: 2.3.32
[DEBUG] git-commit-id-maven-plugin.version: 6.0.0
[DEBUG] glassfish-jaxb.version: 4.0.4
[DEBUG] glassfish-jstl.version: 3.0.1
[DEBUG] graphql-java.version: 21.3
[DEBUG] groovy.version: 4.0.15
[DEBUG] gson.version: 2.10.1
[DEBUG] h2.version: 2.2.224
[DEBUG] hamcrest.version: 2.2
[DEBUG] hazelcast.version: 5.3.6
[DEBUG] hibernate-validator.version: 8.0.1.Final
[DEBUG] hibernate.version: 6.3.1.Final
[DEBUG] hikaricp.version: 5.0.1
[DEBUG] hsqldb.version: 2.7.2
[DEBUG] htmlunit.version: 2.70.0
[DEBUG] httpasyncclient.version: 4.1.5
[DEBUG] httpclient5.version: 5.2.1
[DEBUG] httpcore.version: 4.4.16
[DEBUG] httpcore5.version: 5.2.3
[DEBUG] hutool.version: 5.8.22
[DEBUG] infinispan.version: 14.0.21.Final
[DEBUG] influxdb-java.version: 2.23
[DEBUG] jackson-bom.version: 2.15.3
[DEBUG] jakarta-activation.version: 2.1.2
[DEBUG] jakarta-annotation.version: 2.1.1
[DEBUG] jakarta-jms.version: 3.1.0
[DEBUG] jakarta-json-bind.version: 3.0.0
[DEBUG] jakarta-json.version: 2.1.3
[DEBUG] jakarta-mail.version: 2.1.2
[DEBUG] jakarta-management.version: 1.1.4
[DEBUG] jakarta-persistence.version: 3.1.0
[DEBUG] jakarta-servlet-jsp-jstl.version: 3.0.0
[DEBUG] jakarta-servlet.version: 6.0.0
[DEBUG] jakarta-transaction.version: 2.0.1
[DEBUG] jakarta-validation.version: 3.0.2
[DEBUG] jakarta-websocket.version: 2.1.1
[DEBUG] jakarta-ws-rs.version: 3.1.0
[DEBUG] jakarta-xml-bind.version: 4.0.1
[DEBUG] jakarta-xml-soap.version: 3.0.1
[DEBUG] jakarta-xml-ws.version: 4.0.1
[DEBUG] janino.version: 3.1.10
[DEBUG] java.class.path: H:/apache-maven-3.9.4/boot/plexus-classworlds-2.7.0.jar
[DEBUG] java.class.version: 61.0
[DEBUG] java.home: C:\Program Files\Java\jdk-17
[DEBUG] java.io.tmpdir: C:\Users\admin\AppData\Local\Temp\
[DEBUG] java.library.path: C:\Program Files\Java\jdk-17\bin;C:\Windows\Sun\Java\bin;C:\Windows\system32;C:\Windows;C:\Program Files\Git\mingw64\bin;C:\Program Files\Git\usr\bin;C:\Users\admin\bin;C:\Program Files\Common Files\Oracle\Java\javapath;C:\Program Files (x86)\Common Files\Oracle\Java\java8path;C:\Program Files (x86)\Common Files\Oracle\Java\javapath;C:\Windows\system32;C:\Windows;C:\Windows\System32\Wbem;C:\Windows\System32\WindowsPowerShell\v1.0;C:\Windows\System32\OpenSSH;C:\Program Files\Git\cmd;D:\Program Files\Go\bin;D:\Users\admin\AppData\Local\Programs\cursor\resources\app\bin;D:\Program Files\nodejs;C:\ProgramData\chocolatey\bin;C:\Program Files (x86)\Windows Kits\10\Windows Performance Toolkit;C:\Program Files\dotnet;H:\apache-maven-3.9.4\bin;C:\Users\admin\AppData\Local\Programs\Python\Python313\Scripts;C:\Users\admin\AppData\Local\Programs\Python\Python313;C:\Program Files\MySQL\MySQL Shell 8.0\bin;C:\Users\admin\AppData\Local\Microsoft\WindowsApps;C:\Users\admin\AppData\Local\JetBrains\Toolbox\scripts;C:\Users\admin\AppData\Local\GitHubDesktop\bin;C:\Users\admin\go\bin;C:\Users\admin\AppData\Roaming\npm;C:\Users\admin\.dotnet\tools;C:\Users\admin\AppData\Local\Programs\cursor\resources\app\bin;.
[DEBUG] java.runtime.name: Java(TM) SE Runtime Environment
[DEBUG] java.runtime.version: 17.0.10+11-LTS-240
[DEBUG] java.specification.name: Java Platform API Specification
[DEBUG] java.specification.vendor: Oracle Corporation
[DEBUG] java.specification.version: 17
[DEBUG] java.vendor: Oracle Corporation
[DEBUG] java.vendor.url: https://java.oracle.com/
[DEBUG] java.vendor.url.bug: https://bugreport.java.com/bugreport/
[DEBUG] java.version: 17.0.10
[DEBUG] java.version.date: 2024-01-16
[DEBUG] java.vm.compressedOopsMode: Zero based
[DEBUG] java.vm.info: mixed mode, sharing
[DEBUG] java.vm.name: Java HotSpot(TM) 64-Bit Server VM
[DEBUG] java.vm.specification.name: Java Virtual Machine Specification
[DEBUG] java.vm.specification.vendor: Oracle Corporation
[DEBUG] java.vm.specification.version: 17
[DEBUG] java.vm.vendor: Oracle Corporation
[DEBUG] java.vm.version: 17.0.10+11-LTS-240
[DEBUG] javax-cache.version: 1.1.1
[DEBUG] javax-money.version: 1.1
[DEBUG] jaxen.version: 2.0.0
[DEBUG] jaybird.version: 5.0.2.java11
[DEBUG] jboss-logging.version: 3.5.3.Final
[DEBUG] jdk.debug: release
[DEBUG] jdom2.version: 2.0.6.1
[DEBUG] jedis.version: 5.0.2
[DEBUG] jersey.version: 3.1.3
[DEBUG] jetty-reactive-httpclient.version: 4.0.1
[DEBUG] jetty.version: 12.0.3
[DEBUG] jmustache.version: 1.15
[DEBUG] jooq.version: 3.18.7
[DEBUG] json-path.version: 2.8.0
[DEBUG] json-smart.version: 2.5.0
[DEBUG] jsonassert.version: 1.5.1
[DEBUG] jtds.version: 1.3.1
[DEBUG] junit-jupiter.version: 5.10.1
[DEBUG] junit.version: 4.13.2
[DEBUG] jwt.version: 0.11.5
[DEBUG] kafka.version: 3.6.0
[DEBUG] kotlin-coroutines.version: 1.7.3
[DEBUG] kotlin-serialization.version: 1.6.1
[DEBUG] kotlin.version: 1.9.20
[DEBUG] lettuce.version: 6.3.0.RELEASE
[DEBUG] library.jansi.path: H:/apache-maven-3.9.4/lib/jansi-native
[DEBUG] line.separator: 

[DEBUG] liquibase.version: 4.24.0
[DEBUG] log4j2.version: 2.21.1
[DEBUG] logback.version: 1.4.11
[DEBUG] lombok.version: 1.18.30
[DEBUG] mariadb.version: 3.2.0
[DEBUG] maven-antrun-plugin.version: 3.1.0
[DEBUG] maven-assembly-plugin.version: 3.6.0
[DEBUG] maven-clean-plugin.version: 3.3.2
[DEBUG] maven-compiler-plugin.version: 3.11.0
[DEBUG] maven-dependency-plugin.version: 3.6.1
[DEBUG] maven-deploy-plugin.version: 3.1.1
[DEBUG] maven-enforcer-plugin.version: 3.4.1
[DEBUG] maven-failsafe-plugin.version: 3.1.2
[DEBUG] maven-help-plugin.version: 3.4.0
[DEBUG] maven-install-plugin.version: 3.1.1
[DEBUG] maven-invoker-plugin.version: 3.6.0
[DEBUG] maven-jar-plugin.version: 3.3.0
[DEBUG] maven-javadoc-plugin.version: 3.6.2
[DEBUG] maven-resources-plugin.version: 3.3.1
[DEBUG] maven-shade-plugin.version: 3.5.1
[DEBUG] maven-source-plugin.version: 3.3.0
[DEBUG] maven-surefire-plugin.version: 3.1.2
[DEBUG] maven-war-plugin.version: 3.4.0
[DEBUG] maven.build.timestamp: 2025-08-03T18:32:02Z
[DEBUG] maven.build.version: Apache Maven 3.9.4 (dfbb324ad4a7c8fb0bf182e6d91b0ae20e3d2dd9)
[DEBUG] maven.compiler.release: 17
[DEBUG] maven.conf: H:/apache-maven-3.9.4/conf
[DEBUG] maven.home: H:\apache-maven-3.9.4
[DEBUG] maven.multiModuleProjectDirectory: H:/Java/test
[DEBUG] maven.version: 3.9.4
[DEBUG] micrometer-tracing.version: 1.2.0
[DEBUG] micrometer.version: 1.12.0
[DEBUG] mockito.version: 5.7.0
[DEBUG] mongodb.version: 4.11.1
[DEBUG] mssql-jdbc.version: 12.4.2.jre11
[DEBUG] mybatis-plus.version: 3.5.9
[DEBUG] mybatis-spring.version: 3.0.3
[DEBUG] mybatis-starter.version: 3.0.4
[DEBUG] mysql.version: 8.1.0
[DEBUG] native-build-tools-plugin.version: 0.9.28
[DEBUG] native.encoding: GBK
[DEBUG] nekohtml.version: 1.9.22
[DEBUG] neo4j-java-driver.version: 5.13.0
[DEBUG] netty.version: 4.1.101.Final
[DEBUG] okhttp.version: 4.12.0
[DEBUG] opentelemetry.version: 1.31.0
[DEBUG] oracle-database.version: 23.3.0.23.09
[DEBUG] oracle-r2dbc.version: 1.1.1
[DEBUG] os.arch: amd64
[DEBUG] os.name: Windows 10
[DEBUG] os.version: 10.0
[DEBUG] path.separator: ;
[DEBUG] poi.version: 5.2.4
[DEBUG] pooled-jms.version: 3.1.5
[DEBUG] postgresql.version: 42.6.0
[DEBUG] project.baseUri: file:/H:/Java/test/
[DEBUG] project.build.sourceEncoding: UTF-8
[DEBUG] project.reporting.outputEncoding: UTF-8
[DEBUG] prometheus-client.version: 0.16.0
[DEBUG] pulsar-reactive.version: 0.5.0
[DEBUG] pulsar.version: 3.1.1
[DEBUG] quartz.version: 2.3.2
[DEBUG] querydsl.version: 5.0.0
[DEBUG] r2dbc-h2.version: 1.0.0.RELEASE
[DEBUG] r2dbc-mariadb.version: 1.1.4
[DEBUG] r2dbc-mssql.version: 1.0.2.RELEASE
[DEBUG] r2dbc-mysql.version: 1.0.5
[DEBUG] r2dbc-pool.version: 1.0.1.RELEASE
[DEBUG] r2dbc-postgresql.version: 1.0.2.RELEASE
[DEBUG] r2dbc-proxy.version: 1.1.2.RELEASE
[DEBUG] r2dbc-spi.version: 1.0.0.RELEASE
[DEBUG] rabbit-amqp-client.version: 5.19.0
[DEBUG] rabbit-stream-client.version: 0.14.0
[DEBUG] reactive-streams.version: 1.0.4
[DEBUG] reactor-bom.version: 2023.0.0
[DEBUG] resource.delimiter: @
[DEBUG] rest-assured.version: 5.3.2
[DEBUG] rsocket.version: 1.1.3
[DEBUG] rxjava3.version: 3.1.8
[DEBUG] saaj-impl.version: 3.0.3
[DEBUG] selenium-htmlunit.version: 4.13.0
[DEBUG] selenium.version: 4.14.1
[DEBUG] sendgrid.version: 4.9.3
[DEBUG] slf4j.version: 2.0.9
[DEBUG] snakeyaml.version: 2.2
[DEBUG] spring-amqp.version: 3.1.0
[DEBUG] spring-authorization-server.version: 1.2.0
[DEBUG] spring-batch.version: 5.1.0
[DEBUG] spring-data-bom.version: 2023.1.0
[DEBUG] spring-framework.version: 6.1.1
[DEBUG] spring-graphql.version: 1.2.4
[DEBUG] spring-hateoas.version: 2.2.0
[DEBUG] spring-integration.version: 6.2.0
[DEBUG] spring-kafka.version: 3.1.0
[DEBUG] spring-ldap.version: 3.2.0
[DEBUG] spring-pulsar.version: 1.0.0
[DEBUG] spring-restdocs.version: 3.0.1
[DEBUG] spring-retry.version: 2.0.4
[DEBUG] spring-security.version: 6.2.0
[DEBUG] spring-session.version: 3.2.0
[DEBUG] spring-ws.version: 4.0.8
[DEBUG] sqlite-jdbc.version: 3.43.2.0
[DEBUG] sun.arch.data.model: 64
[DEBUG] sun.boot.library.path: C:\Program Files\Java\jdk-17\bin
[DEBUG] sun.cpu.endian: little
[DEBUG] sun.cpu.isalist: amd64
[DEBUG] sun.io.unicode.encoding: UnicodeLittle
[DEBUG] sun.java.command: org.codehaus.plexus.classworlds.launcher.Launcher compile -X
[DEBUG] sun.java.launcher: SUN_STANDARD
[DEBUG] sun.jnu.encoding: GBK
[DEBUG] sun.management.compiler: HotSpot 64-Bit Tiered Compilers
[DEBUG] sun.os.patch.level: 
[DEBUG] sun.stderr.encoding: ms936
[DEBUG] testcontainers.version: 1.19.3
[DEBUG] thymeleaf-extras-data-attribute.version: 2.0.1
[DEBUG] thymeleaf-extras-springsecurity.version: 3.1.2.RELEASE
[DEBUG] thymeleaf-layout-dialect.version: 3.3.0
[DEBUG] thymeleaf.version: 3.1.2.RELEASE
[DEBUG] tomcat.version: 10.1.16
[DEBUG] unboundid-ldapsdk.version: 6.0.10
[DEBUG] undertow.version: 2.3.10.Final
[DEBUG] user.country: CN
[DEBUG] user.dir: H:\Java\test
[DEBUG] user.home: C:\Users\admin
[DEBUG] user.language: zh
[DEBUG] user.name: admin
[DEBUG] user.script: 
[DEBUG] user.variant: 
[DEBUG] versions-maven-plugin.version: 2.16.2
[DEBUG] webjars-locator-core.version: 0.55
[DEBUG] wsdl4j.version: 1.6.3
[DEBUG] xml-maven-plugin.version: 1.1.0
[DEBUG] xmlunit2.version: 2.9.1
[DEBUG] yasson.version: 3.0.3
[DEBUG] Using 'UTF-8' encoding to copy filtered resources.
[DEBUG] Using 'UTF-8' encoding to copy filtered properties files.
[DEBUG] resource with targetPath null
directory H:\Java\test\src\main\resources
excludes []
includes [**/application*.yml, **/application*.yaml, **/application*.properties]
[DEBUG] ignoreDelta true
[INFO] Copying 3 resources from src\main\resources to target\classes
[DEBUG] Copying file application-dev.yml
[DEBUG] file application-dev.yml has a filtered file extension
[DEBUG] Using 'UTF-8' encoding to copy filtered resource 'application-dev.yml'.
[DEBUG] filtering H:\Java\test\src\main\resources\application-dev.yml to H:\Java\test\target\classes\application-dev.yml
[DEBUG] Copying file application-minimal.yml
[DEBUG] file application-minimal.yml has a filtered file extension
[DEBUG] Using 'UTF-8' encoding to copy filtered resource 'application-minimal.yml'.
[DEBUG] filtering H:\Java\test\src\main\resources\application-minimal.yml to H:\Java\test\target\classes\application-minimal.yml
[DEBUG] Copying file application.yml
[DEBUG] file application.yml has a filtered file extension
[DEBUG] Using 'UTF-8' encoding to copy filtered resource 'application.yml'.
[DEBUG] filtering H:\Java\test\src\main\resources\application.yml to H:\Java\test\target\classes\application.yml
[DEBUG] resource with targetPath null
directory H:\Java\test\src\main\resources
excludes [**/application*.yml, **/application*.yaml, **/application*.properties]
includes []
[DEBUG] ignoreDelta true
[INFO] Copying 1 resource from src\main\resources to target\classes
[DEBUG] Copying file sql\init.sql
[DEBUG] file init.sql has a filtered file extension
[DEBUG] Using 'UTF-8' encoding to copy filtered resource 'init.sql'.
[DEBUG] copy H:\Java\test\src\main\resources\sql\init.sql to H:\Java\test\target\classes\sql\init.sql
[DEBUG] no user filter components
[INFO] 
[INFO] --- compiler:3.11.0:compile (default-compile) @ performance-system ---
[WARNING] The POM for org.apache.maven.shared:maven-shared-utils:jar:3.3.4 is invalid, transitive dependencies (if any) will not be available: 1 problem was encountered while building the effective model for org.apache.maven.shared:maven-shared-utils:3.3.4
[FATAL] Non-parseable POM C:\Users\admin\.m2\repository\org\apache\maven\shared\maven-shared-components\34\maven-shared-components-34.pom: unexpected markup <!d (position: START_DOCUMENT seen \n<!d... @2:4)  @ C:\Users\admin\.m2\repository\org\apache\maven\shared\maven-shared-components\34\maven-shared-components-34.pom, line 2, column 4

[DEBUG] Dependency collection stats {ConflictMarker.analyzeTime=143500, ConflictMarker.markTime=37400, ConflictMarker.nodeCount=16, ConflictIdSorter.graphTime=38900, ConflictIdSorter.topsortTime=41400, ConflictIdSorter.conflictIdCount=11, ConflictIdSorter.conflictIdCycleCount=0, ConflictResolver.totalTime=1599400, ConflictResolver.conflictItemCount=16, DfDependencyCollector.collectTime=137011000, DfDependencyCollector.transformTime=2291200}
[DEBUG] org.apache.maven.plugins:maven-compiler-plugin:jar:3.11.0
[DEBUG]    org.apache.maven.shared:maven-shared-utils:jar:3.3.4:compile
[DEBUG]    org.apache.maven.shared:maven-shared-incremental:jar:1.1:compile
[DEBUG]       org.codehaus.plexus:plexus-component-annotations:jar:1.5.5:compile
[DEBUG]    org.codehaus.plexus:plexus-java:jar:1.1.2:compile
[DEBUG]       org.ow2.asm:asm:jar:9.4:compile
[DEBUG]       com.thoughtworks.qdox:qdox:jar:2.0.3:compile (version managed from default)
[DEBUG]    org.codehaus.plexus:plexus-compiler-api:jar:2.13.0:compile
[DEBUG]       org.codehaus.plexus:plexus-utils:jar:3.5.0:compile (version managed from default)
[DEBUG]    org.codehaus.plexus:plexus-compiler-manager:jar:2.13.0:compile
[DEBUG]    org.codehaus.plexus:plexus-compiler-javac:jar:2.13.0:runtime
[DEBUG] Created new class realm plugin>org.apache.maven.plugins:maven-compiler-plugin:3.11.0
[DEBUG] Importing foreign packages into class realm plugin>org.apache.maven.plugins:maven-compiler-plugin:3.11.0
[DEBUG]   Imported:  < maven.api
[DEBUG] Populating class realm plugin>org.apache.maven.plugins:maven-compiler-plugin:3.11.0
[DEBUG]   Included: org.apache.maven.plugins:maven-compiler-plugin:jar:3.11.0
[DEBUG]   Included: org.apache.maven.shared:maven-shared-utils:jar:3.3.4
[DEBUG]   Included: org.apache.maven.shared:maven-shared-incremental:jar:1.1
[DEBUG]   Included: org.codehaus.plexus:plexus-component-annotations:jar:1.5.5
[DEBUG]   Included: org.codehaus.plexus:plexus-java:jar:1.1.2
[DEBUG]   Included: org.ow2.asm:asm:jar:9.4
[DEBUG]   Included: com.thoughtworks.qdox:qdox:jar:2.0.3
[DEBUG]   Included: org.codehaus.plexus:plexus-compiler-api:jar:2.13.0
[DEBUG]   Included: org.codehaus.plexus:plexus-utils:jar:3.5.0
[DEBUG]   Included: org.codehaus.plexus:plexus-compiler-manager:jar:2.13.0
[DEBUG]   Included: org.codehaus.plexus:plexus-compiler-javac:jar:2.13.0
[DEBUG] Loading mojo org.apache.maven.plugins:maven-compiler-plugin:3.11.0:compile from plugin realm ClassRealm[plugin>org.apache.maven.plugins:maven-compiler-plugin:3.11.0, parent: jdk.internal.loader.ClassLoaders$AppClassLoader@55f96302]
[DEBUG] Configuring mojo execution 'org.apache.maven.plugins:maven-compiler-plugin:3.11.0:compile:default-compile' with basic configurator -->
[DEBUG]   (s) groupId = org.projectlombok
[DEBUG]   (s) artifactId = lombok
[DEBUG]   (s) version = 1.18.30
[DEBUG]   (f) annotationProcessorPaths = [org.projectlombok:lombok:1.18.30.jar]
[DEBUG]   (f) basedir = H:\Java\test
[DEBUG]   (f) buildDirectory = H:\Java\test\target
[DEBUG]   (f) compilePath = [H:\Java\test\target\classes, C:\Users\admin\.m2\repository\org\springframework\boot\spring-boot-starter-web\3.2.0\spring-boot-starter-web-3.2.0.jar, C:\Users\admin\.m2\repository\org\springframework\boot\spring-boot-starter\3.2.0\spring-boot-starter-3.2.0.jar, C:\Users\admin\.m2\repository\org\springframework\boot\spring-boot\3.2.0\spring-boot-3.2.0.jar, C:\Users\admin\.m2\repository\org\springframework\boot\spring-boot-starter-logging\3.2.0\spring-boot-starter-logging-3.2.0.jar, C:\Users\admin\.m2\repository\ch\qos\logback\logback-classic\1.4.11\logback-classic-1.4.11.jar, C:\Users\admin\.m2\repository\ch\qos\logback\logback-core\1.4.11\logback-core-1.4.11.jar, C:\Users\admin\.m2\repository\org\apache\logging\log4j\log4j-to-slf4j\2.21.1\log4j-to-slf4j-2.21.1.jar, C:\Users\admin\.m2\repository\org\slf4j\jul-to-slf4j\2.0.9\jul-to-slf4j-2.0.9.jar, C:\Users\admin\.m2\repository\jakarta\annotation\jakarta.annotation-api\2.1.1\jakarta.annotation-api-2.1.1.jar, C:\Users\admin\.m2\repository\org\yaml\snakeyaml\2.2\snakeyaml-2.2.jar, C:\Users\admin\.m2\repository\org\springframework\boot\spring-boot-starter-json\3.2.0\spring-boot-starter-json-3.2.0.jar, C:\Users\admin\.m2\repository\com\fasterxml\jackson\datatype\jackson-datatype-jdk8\2.15.3\jackson-datatype-jdk8-2.15.3.jar, C:\Users\admin\.m2\repository\com\fasterxml\jackson\datatype\jackson-datatype-jsr310\2.15.3\jackson-datatype-jsr310-2.15.3.jar, C:\Users\admin\.m2\repository\com\fasterxml\jackson\module\jackson-module-parameter-names\2.15.3\jackson-module-parameter-names-2.15.3.jar, C:\Users\admin\.m2\repository\org\springframework\boot\spring-boot-starter-tomcat\3.2.0\spring-boot-starter-tomcat-3.2.0.jar, C:\Users\admin\.m2\repository\org\apache\tomcat\embed\tomcat-embed-core\10.1.16\tomcat-embed-core-10.1.16.jar, C:\Users\admin\.m2\repository\org\apache\tomcat\embed\tomcat-embed-websocket\10.1.16\tomcat-embed-websocket-10.1.16.jar, C:\Users\admin\.m2\repository\org\springframework\spring-web\6.1.1\spring-web-6.1.1.jar, C:\Users\admin\.m2\repository\org\springframework\spring-beans\6.1.1\spring-beans-6.1.1.jar, C:\Users\admin\.m2\repository\io\micrometer\micrometer-observation\1.12.0\micrometer-observation-1.12.0.jar, C:\Users\admin\.m2\repository\io\micrometer\micrometer-commons\1.12.0\micrometer-commons-1.12.0.jar, C:\Users\admin\.m2\repository\org\springframework\spring-webmvc\6.1.1\spring-webmvc-6.1.1.jar, C:\Users\admin\.m2\repository\org\springframework\spring-context\6.1.1\spring-context-6.1.1.jar, C:\Users\admin\.m2\repository\org\springframework\spring-expression\6.1.1\spring-expression-6.1.1.jar, C:\Users\admin\.m2\repository\org\springframework\boot\spring-boot-starter-security\3.2.0\spring-boot-starter-security-3.2.0.jar, C:\Users\admin\.m2\repository\org\springframework\spring-aop\6.1.1\spring-aop-6.1.1.jar, C:\Users\admin\.m2\repository\org\springframework\security\spring-security-config\6.2.0\spring-security-config-6.2.0.jar, C:\Users\admin\.m2\repository\org\springframework\security\spring-security-core\6.2.0\spring-security-core-6.2.0.jar, C:\Users\admin\.m2\repository\org\springframework\security\spring-security-crypto\6.2.0\spring-security-crypto-6.2.0.jar, C:\Users\admin\.m2\repository\org\springframework\security\spring-security-web\6.2.0\spring-security-web-6.2.0.jar, C:\Users\admin\.m2\repository\org\springframework\boot\spring-boot-starter-data-redis\3.2.0\spring-boot-starter-data-redis-3.2.0.jar, C:\Users\admin\.m2\repository\io\lettuce\lettuce-core\6.3.0.RELEASE\lettuce-core-6.3.0.RELEASE.jar, C:\Users\admin\.m2\repository\io\netty\netty-common\4.1.101.Final\netty-common-4.1.101.Final.jar, C:\Users\admin\.m2\repository\io\netty\netty-handler\4.1.101.Final\netty-handler-4.1.101.Final.jar, C:\Users\admin\.m2\repository\io\netty\netty-resolver\4.1.101.Final\netty-resolver-4.1.101.Final.jar, C:\Users\admin\.m2\repository\io\netty\netty-buffer\4.1.101.Final\netty-buffer-4.1.101.Final.jar, C:\Users\admin\.m2\repository\io\netty\netty-transport-native-unix-common\4.1.101.Final\netty-transport-native-unix-common-4.1.101.Final.jar, C:\Users\admin\.m2\repository\io\netty\netty-codec\4.1.101.Final\netty-codec-4.1.101.Final.jar, C:\Users\admin\.m2\repository\io\netty\netty-transport\4.1.101.Final\netty-transport-4.1.101.Final.jar, C:\Users\admin\.m2\repository\io\projectreactor\reactor-core\3.6.0\reactor-core-3.6.0.jar, C:\Users\admin\.m2\repository\org\reactivestreams\reactive-streams\1.0.4\reactive-streams-1.0.4.jar, C:\Users\admin\.m2\repository\org\springframework\data\spring-data-redis\3.2.0\spring-data-redis-3.2.0.jar, C:\Users\admin\.m2\repository\org\springframework\data\spring-data-keyvalue\3.2.0\spring-data-keyvalue-3.2.0.jar, C:\Users\admin\.m2\repository\org\springframework\data\spring-data-commons\3.2.0\spring-data-commons-3.2.0.jar, C:\Users\admin\.m2\repository\org\springframework\spring-tx\6.1.1\spring-tx-6.1.1.jar, C:\Users\admin\.m2\repository\org\springframework\spring-oxm\6.1.1\spring-oxm-6.1.1.jar, C:\Users\admin\.m2\repository\org\springframework\spring-context-support\6.1.1\spring-context-support-6.1.1.jar, C:\Users\admin\.m2\repository\org\springframework\boot\spring-boot-starter-validation\3.2.0\spring-boot-starter-validation-3.2.0.jar, C:\Users\admin\.m2\repository\org\apache\tomcat\embed\tomcat-embed-el\10.1.16\tomcat-embed-el-10.1.16.jar, C:\Users\admin\.m2\repository\org\hibernate\validator\hibernate-validator\8.0.1.Final\hibernate-validator-8.0.1.Final.jar, C:\Users\admin\.m2\repository\jakarta\validation\jakarta.validation-api\3.0.2\jakarta.validation-api-3.0.2.jar, C:\Users\admin\.m2\repository\org\jboss\logging\jboss-logging\3.5.3.Final\jboss-logging-3.5.3.Final.jar, C:\Users\admin\.m2\repository\com\fasterxml\classmate\1.6.0\classmate-1.6.0.jar, C:\Users\admin\.m2\repository\com\alibaba\druid-spring-boot-starter\1.2.20\druid-spring-boot-starter-1.2.20.jar, C:\Users\admin\.m2\repository\com\alibaba\druid\1.2.20\druid-1.2.20.jar, C:\Users\admin\.m2\repository\org\slf4j\slf4j-api\2.0.9\slf4j-api-2.0.9.jar, C:\Users\admin\.m2\repository\org\springframework\boot\spring-boot-autoconfigure\3.2.0\spring-boot-autoconfigure-3.2.0.jar, C:\Users\admin\.m2\repository\org\glassfish\jaxb\jaxb-runtime\4.0.4\jaxb-runtime-4.0.4.jar, C:\Users\admin\.m2\repository\org\glassfish\jaxb\jaxb-core\4.0.4\jaxb-core-4.0.4.jar, C:\Users\admin\.m2\repository\org\glassfish\jaxb\txw2\4.0.4\txw2-4.0.4.jar, C:\Users\admin\.m2\repository\com\sun\istack\istack-commons-runtime\4.1.2\istack-commons-runtime-4.1.2.jar, C:\Users\admin\.m2\repository\org\mybatis\spring\boot\mybatis-spring-boot-starter\3.0.4\mybatis-spring-boot-starter-3.0.4.jar, C:\Users\admin\.m2\repository\org\springframework\boot\spring-boot-starter-jdbc\3.2.0\spring-boot-starter-jdbc-3.2.0.jar, C:\Users\admin\.m2\repository\com\zaxxer\HikariCP\5.0.1\HikariCP-5.0.1.jar, C:\Users\admin\.m2\repository\org\springframework\spring-jdbc\6.1.1\spring-jdbc-6.1.1.jar, C:\Users\admin\.m2\repository\org\mybatis\spring\boot\mybatis-spring-boot-autoconfigure\3.0.4\mybatis-spring-boot-autoconfigure-3.0.4.jar, C:\Users\admin\.m2\repository\org\mybatis\mybatis\3.5.17\mybatis-3.5.17.jar, C:\Users\admin\.m2\repository\com\baomidou\mybatis-plus-boot-starter\3.5.9\mybatis-plus-boot-starter-3.5.9.jar, C:\Users\admin\.m2\repository\com\baomidou\mybatis-plus\3.5.9\mybatis-plus-3.5.9.jar, C:\Users\admin\.m2\repository\com\baomidou\mybatis-plus-core\3.5.9\mybatis-plus-core-3.5.9.jar, C:\Users\admin\.m2\repository\com\baomidou\mybatis-plus-annotation\3.5.9\mybatis-plus-annotation-3.5.9.jar, C:\Users\admin\.m2\repository\com\baomidou\mybatis-plus-spring\3.5.9\mybatis-plus-spring-3.5.9.jar, C:\Users\admin\.m2\repository\com\baomidou\mybatis-plus-extension\3.5.9\mybatis-plus-extension-3.5.9.jar, C:\Users\admin\.m2\repository\com\baomidou\mybatis-plus-spring-boot-autoconfigure\3.5.9\mybatis-plus-spring-boot-autoconfigure-3.5.9.jar, C:\Users\admin\.m2\repository\org\mybatis\mybatis-spring\3.0.3\mybatis-spring-3.0.3.jar, C:\Users\admin\.m2\repository\io\jsonwebtoken\jjwt-api\0.11.5\jjwt-api-0.11.5.jar, C:\Users\admin\.m2\repository\io\jsonwebtoken\jjwt-impl\0.11.5\jjwt-impl-0.11.5.jar, C:\Users\admin\.m2\repository\io\jsonwebtoken\jjwt-jackson\0.11.5\jjwt-jackson-0.11.5.jar, C:\Users\admin\.m2\repository\com\fasterxml\jackson\core\jackson-databind\2.15.3\jackson-databind-2.15.3.jar, C:\Users\admin\.m2\repository\com\fasterxml\jackson\core\jackson-annotations\2.15.3\jackson-annotations-2.15.3.jar, C:\Users\admin\.m2\repository\com\fasterxml\jackson\core\jackson-core\2.15.3\jackson-core-2.15.3.jar, C:\Users\admin\.m2\repository\cn\hutool\hutool-all\5.8.22\hutool-all-5.8.22.jar, C:\Users\admin\.m2\repository\org\projectlombok\lombok\1.18.30\lombok-1.18.30.jar, C:\Users\admin\.m2\repository\org\apache\commons\commons-lang3\3.13.0\commons-lang3-3.13.0.jar, C:\Users\admin\.m2\repository\org\apache\poi\poi\5.2.4\poi-5.2.4.jar, C:\Users\admin\.m2\repository\commons-codec\commons-codec\1.16.0\commons-codec-1.16.0.jar, C:\Users\admin\.m2\repository\org\apache\commons\commons-collections4\4.4\commons-collections4-4.4.jar, C:\Users\admin\.m2\repository\org\apache\commons\commons-math3\3.6.1\commons-math3-3.6.1.jar, C:\Users\admin\.m2\repository\commons-io\commons-io\2.13.0\commons-io-2.13.0.jar, C:\Users\admin\.m2\repository\com\zaxxer\SparseBitSet\1.3\SparseBitSet-1.3.jar, C:\Users\admin\.m2\repository\org\apache\logging\log4j\log4j-api\2.21.1\log4j-api-2.21.1.jar, C:\Users\admin\.m2\repository\org\apache\poi\poi-ooxml\5.2.4\poi-ooxml-5.2.4.jar, C:\Users\admin\.m2\repository\org\apache\poi\poi-ooxml-lite\5.2.4\poi-ooxml-lite-5.2.4.jar, C:\Users\admin\.m2\repository\org\apache\xmlbeans\xmlbeans\5.1.1\xmlbeans-5.1.1.jar, C:\Users\admin\.m2\repository\org\apache\commons\commons-compress\1.24.0\commons-compress-1.24.0.jar, C:\Users\admin\.m2\repository\com\github\virtuald\curvesapi\1.08\curvesapi-1.08.jar, C:\Users\admin\.m2\repository\org\apache\poi\poi-scratchpad\5.2.4\poi-scratchpad-5.2.4.jar, C:\Users\admin\.m2\repository\jakarta\xml\bind\jakarta.xml.bind-api\4.0.1\jakarta.xml.bind-api-4.0.1.jar, C:\Users\admin\.m2\repository\jakarta\activation\jakarta.activation-api\2.1.2\jakarta.activation-api-2.1.2.jar, C:\Users\admin\.m2\repository\org\springframework\spring-core\6.1.1\spring-core-6.1.1.jar, C:\Users\admin\.m2\repository\org\springframework\spring-jcl\6.1.1\spring-jcl-6.1.1.jar]
[DEBUG]   (f) compileSourceRoots = [H:\Java\test\src\main\java]
[DEBUG]   (f) compilerId = javac
[DEBUG]   (f) createMissingPackageInfoClass = true
[DEBUG]   (f) debug = true
[DEBUG]   (f) debugFileName = javac
[DEBUG]   (f) enablePreview = false
[DEBUG]   (f) encoding = UTF-8
[DEBUG]   (f) failOnError = true
[DEBUG]   (f) failOnWarning = false
[DEBUG]   (f) forceJavacCompilerUse = false
[DEBUG]   (f) fork = false
[DEBUG]   (f) generatedSourcesDirectory = H:\Java\test\target\generated-sources\annotations
[DEBUG]   (f) mojoExecution = org.apache.maven.plugins:maven-compiler-plugin:3.11.0:compile {execution: default-compile}
[DEBUG]   (f) optimize = false
[DEBUG]   (f) outputDirectory = H:\Java\test\target\classes
[DEBUG]   (f) parameters = true
[DEBUG]   (f) project = MavenProject: com.hospital:performance-system:1.0.0 @ H:\Java\test\pom.xml
[DEBUG]   (f) projectArtifact = com.hospital:performance-system:jar:1.0.0
[DEBUG]   (s) release = 17
[DEBUG]   (f) session = org.apache.maven.execution.MavenSession@606f81b5
[DEBUG]   (f) showCompilationChanges = false
[DEBUG]   (f) showDeprecation = false
[DEBUG]   (f) showWarnings = true
[DEBUG]   (f) skipMultiThreadWarning = false
[DEBUG]   (f) source = 17
[DEBUG]   (f) staleMillis = 0
[DEBUG]   (s) target = 17
[DEBUG]   (f) useIncrementalCompilation = true
[DEBUG]   (f) verbose = false
[DEBUG] -- end configuration --
[DEBUG] Using compiler 'javac'.
[DEBUG] Adding H:\Java\test\target\generated-sources\annotations to compile source roots:
  H:\Java\test\src\main\java
[DEBUG] New compile source roots:
  H:\Java\test\src\main\java
  H:\Java\test\target\generated-sources\annotations
[DEBUG] Dependency collection stats {ConflictMarker.analyzeTime=71300, ConflictMarker.markTime=27400, ConflictMarker.nodeCount=2, ConflictIdSorter.graphTime=60300, ConflictIdSorter.topsortTime=61100, ConflictIdSorter.conflictIdCount=1, ConflictIdSorter.conflictIdCycleCount=0, ConflictResolver.totalTime=458700, ConflictResolver.conflictItemCount=1, DfDependencyCollector.collectTime=9381000, DfDependencyCollector.transformTime=721400}
[DEBUG] CompilerReuseStrategy: reuseCreated
[DEBUG] useIncrementalCompilation enabled
[DEBUG] Stale source detected: H:\Java\test\src\main\java\com\hospital\performance\controller\PerformanceSchemeController.java
[DEBUG] Stale source detected: H:\Java\test\src\main\java\com\hospital\performance\entity\HospitalOperationScore.java
[DEBUG] Stale source detected: H:\Java\test\src\main\java\com\hospital\performance\service\impl\PerformanceCalculationRecordServiceImpl.java
[DEBUG] Stale source detected: H:\Java\test\src\main\java\com\hospital\performance\entity\User.java
[DEBUG] Stale source detected: H:\Java\test\src\main\java\com\hospital\performance\service\impl\UserServiceImpl.java
[DEBUG] Stale source detected: H:\Java\test\src\main\java\com\hospital\performance\common\PageResult.java
[DEBUG] Stale source detected: H:\Java\test\src\main\java\com\hospital\performance\entity\Department.java
[DEBUG] Stale source detected: H:\Java\test\src\main\java\com\hospital\performance\service\HospitalOperationScoreService.java
[DEBUG] Stale source detected: H:\Java\test\src\main\java\com\hospital\performance\mapper\PerformanceSchemeMapper.java
[DEBUG] Stale source detected: H:\Java\test\src\main\java\com\hospital\performance\controller\AuthController.java
[DEBUG] Stale source detected: H:\Java\test\src\main\java\com\hospital\performance\util\JwtUtil.java
[DEBUG] Stale source detected: H:\Java\test\src\main\java\com\hospital\performance\mapper\HospitalOperationScoreMapper.java
[DEBUG] Stale source detected: H:\Java\test\src\main\java\com\hospital\performance\service\impl\MultiDimensionStatsServiceImpl.java
[DEBUG] Stale source detected: H:\Java\test\src\main\java\com\hospital\performance\controller\UserController.java
[DEBUG] Stale source detected: H:\Java\test\src\main\java\com\hospital\performance\controller\MultiDimensionStatsController.java
[DEBUG] Stale source detected: H:\Java\test\src\main\java\com\hospital\performance\mapper\PerformanceCalculationRecordMapper.java
[DEBUG] Stale source detected: H:\Java\test\src\main\java\com\hospital\performance\service\MultiDimensionStatsService.java
[DEBUG] Stale source detected: H:\Java\test\src\main\java\com\hospital\performance\PerformanceSystemApplication.java
[DEBUG] Stale source detected: H:\Java\test\src\main\java\com\hospital\performance\common\BaseEntity.java
[DEBUG] Stale source detected: H:\Java\test\src\main\java\com\hospital\performance\service\impl\PerformanceSchemeServiceImpl.java
[DEBUG] Stale source detected: H:\Java\test\src\main\java\com\hospital\performance\controller\DataExportController.java
[DEBUG] Stale source detected: H:\Java\test\src\main\java\com\hospital\performance\mapper\UserMapper.java
[DEBUG] Stale source detected: H:\Java\test\src\main\java\com\hospital\performance\engine\impl\WorkloadCalculationEngine.java
[DEBUG] Stale source detected: H:\Java\test\src\main\java\com\hospital\performance\service\PerformanceSchemeService.java
[DEBUG] Stale source detected: H:\Java\test\src\main\java\com\hospital\performance\service\impl\HospitalOperationScoreServiceImpl.java
[DEBUG] Stale source detected: H:\Java\test\src\main\java\com\hospital\performance\config\MyBatisPlusConfig.java
[DEBUG] Stale source detected: H:\Java\test\src\main\java\com\hospital\performance\service\UserService.java
[DEBUG] Stale source detected: H:\Java\test\src\main\java\com\hospital\performance\service\DepartmentService.java
[DEBUG] Stale source detected: H:\Java\test\src\main\java\com\hospital\performance\engine\impl\KpiCalculationEngine.java
[DEBUG] Stale source detected: H:\Java\test\src\main\java\com\hospital\performance\controller\HospitalOperationScoreController.java
[DEBUG] Stale source detected: H:\Java\test\src\main\java\com\hospital\performance\engine\PerformanceCalculationEngine.java
[DEBUG] Stale source detected: H:\Java\test\src\main\java\com\hospital\performance\util\ExcelExportUtil.java
[DEBUG] Stale source detected: H:\Java\test\src\main\java\com\hospital\performance\controller\DepartmentController.java
[DEBUG] Stale source detected: H:\Java\test\src\main\java\com\hospital\performance\engine\impl\CostCalculationEngine.java
[DEBUG] Stale source detected: H:\Java\test\src\main\java\com\hospital\performance\mapper\PerformanceDataMapper.java
[DEBUG] Stale source detected: H:\Java\test\src\main\java\com\hospital\performance\service\impl\PerformanceDataServiceImpl.java
[DEBUG] Stale source detected: H:\Java\test\src\main\java\com\hospital\performance\mapper\PerformanceIndicatorMapper.java
[DEBUG] Stale source detected: H:\Java\test\src\main\java\com\hospital\performance\controller\PerformanceIndicatorController.java
[DEBUG] Stale source detected: H:\Java\test\src\main\java\com\hospital\performance\service\PerformanceDataService.java
[DEBUG] Stale source detected: H:\Java\test\src\main\java\com\hospital\performance\service\impl\PerformanceIndicatorServiceImpl.java
[DEBUG] Stale source detected: H:\Java\test\src\main\java\com\hospital\performance\service\impl\PerformanceCalculationServiceImpl.java
[DEBUG] Stale source detected: H:\Java\test\src\main\java\com\hospital\performance\config\SecurityConfig.java
[DEBUG] Stale source detected: H:\Java\test\src\main\java\com\hospital\performance\entity\PerformanceScheme.java
[DEBUG] Stale source detected: H:\Java\test\src\main\java\com\hospital\performance\entity\PerformanceCalculationRecord.java
[DEBUG] Stale source detected: H:\Java\test\src\main\java\com\hospital\performance\common\Result.java
[DEBUG] Stale source detected: H:\Java\test\src\main\java\com\hospital\performance\service\PerformanceCalculationRecordService.java
[DEBUG] Stale source detected: H:\Java\test\src\main\java\com\hospital\performance\controller\PerformanceCalculationController.java
[DEBUG] Stale source detected: H:\Java\test\src\main\java\com\hospital\performance\entity\PerformanceIndicator.java
[DEBUG] Stale source detected: H:\Java\test\src\main\java\com\hospital\performance\common\GlobalExceptionHandler.java
[DEBUG] Stale source detected: H:\Java\test\src\main\java\com\hospital\performance\service\PerformanceCalculationService.java
[DEBUG] Stale source detected: H:\Java\test\src\main\java\com\hospital\performance\mapper\DepartmentMapper.java
[DEBUG] Stale source detected: H:\Java\test\src\main\java\com\hospital\performance\service\impl\DepartmentServiceImpl.java
[DEBUG] Stale source detected: H:\Java\test\src\main\java\com\hospital\performance\entity\PerformanceData.java
[DEBUG] Stale source detected: H:\Java\test\src\main\java\com\hospital\performance\service\PerformanceIndicatorService.java
[INFO] Changes detected - recompiling the module! :source
[DEBUG] Classpath:
[DEBUG]  H:\Java\test\target\classes
[DEBUG]  C:\Users\admin\.m2\repository\org\springframework\boot\spring-boot-starter-web\3.2.0\spring-boot-starter-web-3.2.0.jar
[DEBUG]  C:\Users\admin\.m2\repository\org\springframework\boot\spring-boot-starter\3.2.0\spring-boot-starter-3.2.0.jar
[DEBUG]  C:\Users\admin\.m2\repository\org\springframework\boot\spring-boot\3.2.0\spring-boot-3.2.0.jar
[DEBUG]  C:\Users\admin\.m2\repository\org\springframework\boot\spring-boot-starter-logging\3.2.0\spring-boot-starter-logging-3.2.0.jar
[DEBUG]  C:\Users\admin\.m2\repository\ch\qos\logback\logback-classic\1.4.11\logback-classic-1.4.11.jar
[DEBUG]  C:\Users\admin\.m2\repository\ch\qos\logback\logback-core\1.4.11\logback-core-1.4.11.jar
[DEBUG]  C:\Users\admin\.m2\repository\org\apache\logging\log4j\log4j-to-slf4j\2.21.1\log4j-to-slf4j-2.21.1.jar
[DEBUG]  C:\Users\admin\.m2\repository\org\slf4j\jul-to-slf4j\2.0.9\jul-to-slf4j-2.0.9.jar
[DEBUG]  C:\Users\admin\.m2\repository\jakarta\annotation\jakarta.annotation-api\2.1.1\jakarta.annotation-api-2.1.1.jar
[DEBUG]  C:\Users\admin\.m2\repository\org\yaml\snakeyaml\2.2\snakeyaml-2.2.jar
[DEBUG]  C:\Users\admin\.m2\repository\org\springframework\boot\spring-boot-starter-json\3.2.0\spring-boot-starter-json-3.2.0.jar
[DEBUG]  C:\Users\admin\.m2\repository\com\fasterxml\jackson\datatype\jackson-datatype-jdk8\2.15.3\jackson-datatype-jdk8-2.15.3.jar
[DEBUG]  C:\Users\admin\.m2\repository\com\fasterxml\jackson\datatype\jackson-datatype-jsr310\2.15.3\jackson-datatype-jsr310-2.15.3.jar
[DEBUG]  C:\Users\admin\.m2\repository\com\fasterxml\jackson\module\jackson-module-parameter-names\2.15.3\jackson-module-parameter-names-2.15.3.jar
[DEBUG]  C:\Users\admin\.m2\repository\org\springframework\boot\spring-boot-starter-tomcat\3.2.0\spring-boot-starter-tomcat-3.2.0.jar
[DEBUG]  C:\Users\admin\.m2\repository\org\apache\tomcat\embed\tomcat-embed-core\10.1.16\tomcat-embed-core-10.1.16.jar
[DEBUG]  C:\Users\admin\.m2\repository\org\apache\tomcat\embed\tomcat-embed-websocket\10.1.16\tomcat-embed-websocket-10.1.16.jar
[DEBUG]  C:\Users\admin\.m2\repository\org\springframework\spring-web\6.1.1\spring-web-6.1.1.jar
[DEBUG]  C:\Users\admin\.m2\repository\org\springframework\spring-beans\6.1.1\spring-beans-6.1.1.jar
[DEBUG]  C:\Users\admin\.m2\repository\io\micrometer\micrometer-observation\1.12.0\micrometer-observation-1.12.0.jar
[DEBUG]  C:\Users\admin\.m2\repository\io\micrometer\micrometer-commons\1.12.0\micrometer-commons-1.12.0.jar
[DEBUG]  C:\Users\admin\.m2\repository\org\springframework\spring-webmvc\6.1.1\spring-webmvc-6.1.1.jar
[DEBUG]  C:\Users\admin\.m2\repository\org\springframework\spring-context\6.1.1\spring-context-6.1.1.jar
[DEBUG]  C:\Users\admin\.m2\repository\org\springframework\spring-expression\6.1.1\spring-expression-6.1.1.jar
[DEBUG]  C:\Users\admin\.m2\repository\org\springframework\boot\spring-boot-starter-security\3.2.0\spring-boot-starter-security-3.2.0.jar
[DEBUG]  C:\Users\admin\.m2\repository\org\springframework\spring-aop\6.1.1\spring-aop-6.1.1.jar
[DEBUG]  C:\Users\admin\.m2\repository\org\springframework\security\spring-security-config\6.2.0\spring-security-config-6.2.0.jar
[DEBUG]  C:\Users\admin\.m2\repository\org\springframework\security\spring-security-core\6.2.0\spring-security-core-6.2.0.jar
[DEBUG]  C:\Users\admin\.m2\repository\org\springframework\security\spring-security-crypto\6.2.0\spring-security-crypto-6.2.0.jar
[DEBUG]  C:\Users\admin\.m2\repository\org\springframework\security\spring-security-web\6.2.0\spring-security-web-6.2.0.jar
[DEBUG]  C:\Users\admin\.m2\repository\org\springframework\boot\spring-boot-starter-data-redis\3.2.0\spring-boot-starter-data-redis-3.2.0.jar
[DEBUG]  C:\Users\admin\.m2\repository\io\lettuce\lettuce-core\6.3.0.RELEASE\lettuce-core-6.3.0.RELEASE.jar
[DEBUG]  C:\Users\admin\.m2\repository\io\netty\netty-common\4.1.101.Final\netty-common-4.1.101.Final.jar
[DEBUG]  C:\Users\admin\.m2\repository\io\netty\netty-handler\4.1.101.Final\netty-handler-4.1.101.Final.jar
[DEBUG]  C:\Users\admin\.m2\repository\io\netty\netty-resolver\4.1.101.Final\netty-resolver-4.1.101.Final.jar
[DEBUG]  C:\Users\admin\.m2\repository\io\netty\netty-buffer\4.1.101.Final\netty-buffer-4.1.101.Final.jar
[DEBUG]  C:\Users\admin\.m2\repository\io\netty\netty-transport-native-unix-common\4.1.101.Final\netty-transport-native-unix-common-4.1.101.Final.jar
[DEBUG]  C:\Users\admin\.m2\repository\io\netty\netty-codec\4.1.101.Final\netty-codec-4.1.101.Final.jar
[DEBUG]  C:\Users\admin\.m2\repository\io\netty\netty-transport\4.1.101.Final\netty-transport-4.1.101.Final.jar
[DEBUG]  C:\Users\admin\.m2\repository\io\projectreactor\reactor-core\3.6.0\reactor-core-3.6.0.jar
[DEBUG]  C:\Users\admin\.m2\repository\org\reactivestreams\reactive-streams\1.0.4\reactive-streams-1.0.4.jar
[DEBUG]  C:\Users\admin\.m2\repository\org\springframework\data\spring-data-redis\3.2.0\spring-data-redis-3.2.0.jar
[DEBUG]  C:\Users\admin\.m2\repository\org\springframework\data\spring-data-keyvalue\3.2.0\spring-data-keyvalue-3.2.0.jar
[DEBUG]  C:\Users\admin\.m2\repository\org\springframework\data\spring-data-commons\3.2.0\spring-data-commons-3.2.0.jar
[DEBUG]  C:\Users\admin\.m2\repository\org\springframework\spring-tx\6.1.1\spring-tx-6.1.1.jar
[DEBUG]  C:\Users\admin\.m2\repository\org\springframework\spring-oxm\6.1.1\spring-oxm-6.1.1.jar
[DEBUG]  C:\Users\admin\.m2\repository\org\springframework\spring-context-support\6.1.1\spring-context-support-6.1.1.jar
[DEBUG]  C:\Users\admin\.m2\repository\org\springframework\boot\spring-boot-starter-validation\3.2.0\spring-boot-starter-validation-3.2.0.jar
[DEBUG]  C:\Users\admin\.m2\repository\org\apache\tomcat\embed\tomcat-embed-el\10.1.16\tomcat-embed-el-10.1.16.jar
[DEBUG]  C:\Users\admin\.m2\repository\org\hibernate\validator\hibernate-validator\8.0.1.Final\hibernate-validator-8.0.1.Final.jar
[DEBUG]  C:\Users\admin\.m2\repository\jakarta\validation\jakarta.validation-api\3.0.2\jakarta.validation-api-3.0.2.jar
[DEBUG]  C:\Users\admin\.m2\repository\org\jboss\logging\jboss-logging\3.5.3.Final\jboss-logging-3.5.3.Final.jar
[DEBUG]  C:\Users\admin\.m2\repository\com\fasterxml\classmate\1.6.0\classmate-1.6.0.jar
[DEBUG]  C:\Users\admin\.m2\repository\com\alibaba\druid-spring-boot-starter\1.2.20\druid-spring-boot-starter-1.2.20.jar
[DEBUG]  C:\Users\admin\.m2\repository\com\alibaba\druid\1.2.20\druid-1.2.20.jar
[DEBUG]  C:\Users\admin\.m2\repository\org\slf4j\slf4j-api\2.0.9\slf4j-api-2.0.9.jar
[DEBUG]  C:\Users\admin\.m2\repository\org\springframework\boot\spring-boot-autoconfigure\3.2.0\spring-boot-autoconfigure-3.2.0.jar
[DEBUG]  C:\Users\admin\.m2\repository\org\glassfish\jaxb\jaxb-runtime\4.0.4\jaxb-runtime-4.0.4.jar
[DEBUG]  C:\Users\admin\.m2\repository\org\glassfish\jaxb\jaxb-core\4.0.4\jaxb-core-4.0.4.jar
[DEBUG]  C:\Users\admin\.m2\repository\org\glassfish\jaxb\txw2\4.0.4\txw2-4.0.4.jar
[DEBUG]  C:\Users\admin\.m2\repository\com\sun\istack\istack-commons-runtime\4.1.2\istack-commons-runtime-4.1.2.jar
[DEBUG]  C:\Users\admin\.m2\repository\org\mybatis\spring\boot\mybatis-spring-boot-starter\3.0.4\mybatis-spring-boot-starter-3.0.4.jar
[DEBUG]  C:\Users\admin\.m2\repository\org\springframework\boot\spring-boot-starter-jdbc\3.2.0\spring-boot-starter-jdbc-3.2.0.jar
[DEBUG]  C:\Users\admin\.m2\repository\com\zaxxer\HikariCP\5.0.1\HikariCP-5.0.1.jar
[DEBUG]  C:\Users\admin\.m2\repository\org\springframework\spring-jdbc\6.1.1\spring-jdbc-6.1.1.jar
[DEBUG]  C:\Users\admin\.m2\repository\org\mybatis\spring\boot\mybatis-spring-boot-autoconfigure\3.0.4\mybatis-spring-boot-autoconfigure-3.0.4.jar
[DEBUG]  C:\Users\admin\.m2\repository\org\mybatis\mybatis\3.5.17\mybatis-3.5.17.jar
[DEBUG]  C:\Users\admin\.m2\repository\com\baomidou\mybatis-plus-boot-starter\3.5.9\mybatis-plus-boot-starter-3.5.9.jar
[DEBUG]  C:\Users\admin\.m2\repository\com\baomidou\mybatis-plus\3.5.9\mybatis-plus-3.5.9.jar
[DEBUG]  C:\Users\admin\.m2\repository\com\baomidou\mybatis-plus-core\3.5.9\mybatis-plus-core-3.5.9.jar
[DEBUG]  C:\Users\admin\.m2\repository\com\baomidou\mybatis-plus-annotation\3.5.9\mybatis-plus-annotation-3.5.9.jar
[DEBUG]  C:\Users\admin\.m2\repository\com\baomidou\mybatis-plus-spring\3.5.9\mybatis-plus-spring-3.5.9.jar
[DEBUG]  C:\Users\admin\.m2\repository\com\baomidou\mybatis-plus-extension\3.5.9\mybatis-plus-extension-3.5.9.jar
[DEBUG]  C:\Users\admin\.m2\repository\com\baomidou\mybatis-plus-spring-boot-autoconfigure\3.5.9\mybatis-plus-spring-boot-autoconfigure-3.5.9.jar
[DEBUG]  C:\Users\admin\.m2\repository\org\mybatis\mybatis-spring\3.0.3\mybatis-spring-3.0.3.jar
[DEBUG]  C:\Users\admin\.m2\repository\io\jsonwebtoken\jjwt-api\0.11.5\jjwt-api-0.11.5.jar
[DEBUG]  C:\Users\admin\.m2\repository\io\jsonwebtoken\jjwt-impl\0.11.5\jjwt-impl-0.11.5.jar
[DEBUG]  C:\Users\admin\.m2\repository\io\jsonwebtoken\jjwt-jackson\0.11.5\jjwt-jackson-0.11.5.jar
[DEBUG]  C:\Users\admin\.m2\repository\com\fasterxml\jackson\core\jackson-databind\2.15.3\jackson-databind-2.15.3.jar
[DEBUG]  C:\Users\admin\.m2\repository\com\fasterxml\jackson\core\jackson-annotations\2.15.3\jackson-annotations-2.15.3.jar
[DEBUG]  C:\Users\admin\.m2\repository\com\fasterxml\jackson\core\jackson-core\2.15.3\jackson-core-2.15.3.jar
[DEBUG]  C:\Users\admin\.m2\repository\cn\hutool\hutool-all\5.8.22\hutool-all-5.8.22.jar
[DEBUG]  C:\Users\admin\.m2\repository\org\projectlombok\lombok\1.18.30\lombok-1.18.30.jar
[DEBUG]  C:\Users\admin\.m2\repository\org\apache\commons\commons-lang3\3.13.0\commons-lang3-3.13.0.jar
[DEBUG]  C:\Users\admin\.m2\repository\org\apache\poi\poi\5.2.4\poi-5.2.4.jar
[DEBUG]  C:\Users\admin\.m2\repository\commons-codec\commons-codec\1.16.0\commons-codec-1.16.0.jar
[DEBUG]  C:\Users\admin\.m2\repository\org\apache\commons\commons-collections4\4.4\commons-collections4-4.4.jar
[DEBUG]  C:\Users\admin\.m2\repository\org\apache\commons\commons-math3\3.6.1\commons-math3-3.6.1.jar
[DEBUG]  C:\Users\admin\.m2\repository\commons-io\commons-io\2.13.0\commons-io-2.13.0.jar
[DEBUG]  C:\Users\admin\.m2\repository\com\zaxxer\SparseBitSet\1.3\SparseBitSet-1.3.jar
[DEBUG]  C:\Users\admin\.m2\repository\org\apache\logging\log4j\log4j-api\2.21.1\log4j-api-2.21.1.jar
[DEBUG]  C:\Users\admin\.m2\repository\org\apache\poi\poi-ooxml\5.2.4\poi-ooxml-5.2.4.jar
[DEBUG]  C:\Users\admin\.m2\repository\org\apache\poi\poi-ooxml-lite\5.2.4\poi-ooxml-lite-5.2.4.jar
[DEBUG]  C:\Users\admin\.m2\repository\org\apache\xmlbeans\xmlbeans\5.1.1\xmlbeans-5.1.1.jar
[DEBUG]  C:\Users\admin\.m2\repository\org\apache\commons\commons-compress\1.24.0\commons-compress-1.24.0.jar
[DEBUG]  C:\Users\admin\.m2\repository\com\github\virtuald\curvesapi\1.08\curvesapi-1.08.jar
[DEBUG]  C:\Users\admin\.m2\repository\org\apache\poi\poi-scratchpad\5.2.4\poi-scratchpad-5.2.4.jar
[DEBUG]  C:\Users\admin\.m2\repository\jakarta\xml\bind\jakarta.xml.bind-api\4.0.1\jakarta.xml.bind-api-4.0.1.jar
[DEBUG]  C:\Users\admin\.m2\repository\jakarta\activation\jakarta.activation-api\2.1.2\jakarta.activation-api-2.1.2.jar
[DEBUG]  C:\Users\admin\.m2\repository\org\springframework\spring-core\6.1.1\spring-core-6.1.1.jar
[DEBUG]  C:\Users\admin\.m2\repository\org\springframework\spring-jcl\6.1.1\spring-jcl-6.1.1.jar
[DEBUG] Source roots:
[DEBUG]  H:\Java\test\src\main\java
[DEBUG]  H:\Java\test\target\generated-sources\annotations
[DEBUG] Command line options:
[DEBUG] -d H:\Java\test\target\classes -classpath H:\Java\test\target\classes;C:\Users\admin\.m2\repository\org\springframework\boot\spring-boot-starter-web\3.2.0\spring-boot-starter-web-3.2.0.jar;C:\Users\admin\.m2\repository\org\springframework\boot\spring-boot-starter\3.2.0\spring-boot-starter-3.2.0.jar;C:\Users\admin\.m2\repository\org\springframework\boot\spring-boot\3.2.0\spring-boot-3.2.0.jar;C:\Users\admin\.m2\repository\org\springframework\boot\spring-boot-starter-logging\3.2.0\spring-boot-starter-logging-3.2.0.jar;C:\Users\admin\.m2\repository\ch\qos\logback\logback-classic\1.4.11\logback-classic-1.4.11.jar;C:\Users\admin\.m2\repository\ch\qos\logback\logback-core\1.4.11\logback-core-1.4.11.jar;C:\Users\admin\.m2\repository\org\apache\logging\log4j\log4j-to-slf4j\2.21.1\log4j-to-slf4j-2.21.1.jar;C:\Users\admin\.m2\repository\org\slf4j\jul-to-slf4j\2.0.9\jul-to-slf4j-2.0.9.jar;C:\Users\admin\.m2\repository\jakarta\annotation\jakarta.annotation-api\2.1.1\jakarta.annotation-api-2.1.1.jar;C:\Users\admin\.m2\repository\org\yaml\snakeyaml\2.2\snakeyaml-2.2.jar;C:\Users\admin\.m2\repository\org\springframework\boot\spring-boot-starter-json\3.2.0\spring-boot-starter-json-3.2.0.jar;C:\Users\admin\.m2\repository\com\fasterxml\jackson\datatype\jackson-datatype-jdk8\2.15.3\jackson-datatype-jdk8-2.15.3.jar;C:\Users\admin\.m2\repository\com\fasterxml\jackson\datatype\jackson-datatype-jsr310\2.15.3\jackson-datatype-jsr310-2.15.3.jar;C:\Users\admin\.m2\repository\com\fasterxml\jackson\module\jackson-module-parameter-names\2.15.3\jackson-module-parameter-names-2.15.3.jar;C:\Users\admin\.m2\repository\org\springframework\boot\spring-boot-starter-tomcat\3.2.0\spring-boot-starter-tomcat-3.2.0.jar;C:\Users\admin\.m2\repository\org\apache\tomcat\embed\tomcat-embed-core\10.1.16\tomcat-embed-core-10.1.16.jar;C:\Users\admin\.m2\repository\org\apache\tomcat\embed\tomcat-embed-websocket\10.1.16\tomcat-embed-websocket-10.1.16.jar;C:\Users\admin\.m2\repository\org\springframework\spring-web\6.1.1\spring-web-6.1.1.jar;C:\Users\admin\.m2\repository\org\springframework\spring-beans\6.1.1\spring-beans-6.1.1.jar;C:\Users\admin\.m2\repository\io\micrometer\micrometer-observation\1.12.0\micrometer-observation-1.12.0.jar;C:\Users\admin\.m2\repository\io\micrometer\micrometer-commons\1.12.0\micrometer-commons-1.12.0.jar;C:\Users\admin\.m2\repository\org\springframework\spring-webmvc\6.1.1\spring-webmvc-6.1.1.jar;C:\Users\admin\.m2\repository\org\springframework\spring-context\6.1.1\spring-context-6.1.1.jar;C:\Users\admin\.m2\repository\org\springframework\spring-expression\6.1.1\spring-expression-6.1.1.jar;C:\Users\admin\.m2\repository\org\springframework\boot\spring-boot-starter-security\3.2.0\spring-boot-starter-security-3.2.0.jar;C:\Users\admin\.m2\repository\org\springframework\spring-aop\6.1.1\spring-aop-6.1.1.jar;C:\Users\admin\.m2\repository\org\springframework\security\spring-security-config\6.2.0\spring-security-config-6.2.0.jar;C:\Users\admin\.m2\repository\org\springframework\security\spring-security-core\6.2.0\spring-security-core-6.2.0.jar;C:\Users\admin\.m2\repository\org\springframework\security\spring-security-crypto\6.2.0\spring-security-crypto-6.2.0.jar;C:\Users\admin\.m2\repository\org\springframework\security\spring-security-web\6.2.0\spring-security-web-6.2.0.jar;C:\Users\admin\.m2\repository\org\springframework\boot\spring-boot-starter-data-redis\3.2.0\spring-boot-starter-data-redis-3.2.0.jar;C:\Users\admin\.m2\repository\io\lettuce\lettuce-core\6.3.0.RELEASE\lettuce-core-6.3.0.RELEASE.jar;C:\Users\admin\.m2\repository\io\netty\netty-common\4.1.101.Final\netty-common-4.1.101.Final.jar;C:\Users\admin\.m2\repository\io\netty\netty-handler\4.1.101.Final\netty-handler-4.1.101.Final.jar;C:\Users\admin\.m2\repository\io\netty\netty-resolver\4.1.101.Final\netty-resolver-4.1.101.Final.jar;C:\Users\admin\.m2\repository\io\netty\netty-buffer\4.1.101.Final\netty-buffer-4.1.101.Final.jar;C:\Users\admin\.m2\repository\io\netty\netty-transport-native-unix-common\4.1.101.Final\netty-transport-native-unix-common-4.1.101.Final.jar;C:\Users\admin\.m2\repository\io\netty\netty-codec\4.1.101.Final\netty-codec-4.1.101.Final.jar;C:\Users\admin\.m2\repository\io\netty\netty-transport\4.1.101.Final\netty-transport-4.1.101.Final.jar;C:\Users\admin\.m2\repository\io\projectreactor\reactor-core\3.6.0\reactor-core-3.6.0.jar;C:\Users\admin\.m2\repository\org\reactivestreams\reactive-streams\1.0.4\reactive-streams-1.0.4.jar;C:\Users\admin\.m2\repository\org\springframework\data\spring-data-redis\3.2.0\spring-data-redis-3.2.0.jar;C:\Users\admin\.m2\repository\org\springframework\data\spring-data-keyvalue\3.2.0\spring-data-keyvalue-3.2.0.jar;C:\Users\admin\.m2\repository\org\springframework\data\spring-data-commons\3.2.0\spring-data-commons-3.2.0.jar;C:\Users\admin\.m2\repository\org\springframework\spring-tx\6.1.1\spring-tx-6.1.1.jar;C:\Users\admin\.m2\repository\org\springframework\spring-oxm\6.1.1\spring-oxm-6.1.1.jar;C:\Users\admin\.m2\repository\org\springframework\spring-context-support\6.1.1\spring-context-support-6.1.1.jar;C:\Users\admin\.m2\repository\org\springframework\boot\spring-boot-starter-validation\3.2.0\spring-boot-starter-validation-3.2.0.jar;C:\Users\admin\.m2\repository\org\apache\tomcat\embed\tomcat-embed-el\10.1.16\tomcat-embed-el-10.1.16.jar;C:\Users\admin\.m2\repository\org\hibernate\validator\hibernate-validator\8.0.1.Final\hibernate-validator-8.0.1.Final.jar;C:\Users\admin\.m2\repository\jakarta\validation\jakarta.validation-api\3.0.2\jakarta.validation-api-3.0.2.jar;C:\Users\admin\.m2\repository\org\jboss\logging\jboss-logging\3.5.3.Final\jboss-logging-3.5.3.Final.jar;C:\Users\admin\.m2\repository\com\fasterxml\classmate\1.6.0\classmate-1.6.0.jar;C:\Users\admin\.m2\repository\com\alibaba\druid-spring-boot-starter\1.2.20\druid-spring-boot-starter-1.2.20.jar;C:\Users\admin\.m2\repository\com\alibaba\druid\1.2.20\druid-1.2.20.jar;C:\Users\admin\.m2\repository\org\slf4j\slf4j-api\2.0.9\slf4j-api-2.0.9.jar;C:\Users\admin\.m2\repository\org\springframework\boot\spring-boot-autoconfigure\3.2.0\spring-boot-autoconfigure-3.2.0.jar;C:\Users\admin\.m2\repository\org\glassfish\jaxb\jaxb-runtime\4.0.4\jaxb-runtime-4.0.4.jar;C:\Users\admin\.m2\repository\org\glassfish\jaxb\jaxb-core\4.0.4\jaxb-core-4.0.4.jar;C:\Users\admin\.m2\repository\org\glassfish\jaxb\txw2\4.0.4\txw2-4.0.4.jar;C:\Users\admin\.m2\repository\com\sun\istack\istack-commons-runtime\4.1.2\istack-commons-runtime-4.1.2.jar;C:\Users\admin\.m2\repository\org\mybatis\spring\boot\mybatis-spring-boot-starter\3.0.4\mybatis-spring-boot-starter-3.0.4.jar;C:\Users\admin\.m2\repository\org\springframework\boot\spring-boot-starter-jdbc\3.2.0\spring-boot-starter-jdbc-3.2.0.jar;C:\Users\admin\.m2\repository\com\zaxxer\HikariCP\5.0.1\HikariCP-5.0.1.jar;C:\Users\admin\.m2\repository\org\springframework\spring-jdbc\6.1.1\spring-jdbc-6.1.1.jar;C:\Users\admin\.m2\repository\org\mybatis\spring\boot\mybatis-spring-boot-autoconfigure\3.0.4\mybatis-spring-boot-autoconfigure-3.0.4.jar;C:\Users\admin\.m2\repository\org\mybatis\mybatis\3.5.17\mybatis-3.5.17.jar;C:\Users\admin\.m2\repository\com\baomidou\mybatis-plus-boot-starter\3.5.9\mybatis-plus-boot-starter-3.5.9.jar;C:\Users\admin\.m2\repository\com\baomidou\mybatis-plus\3.5.9\mybatis-plus-3.5.9.jar;C:\Users\admin\.m2\repository\com\baomidou\mybatis-plus-core\3.5.9\mybatis-plus-core-3.5.9.jar;C:\Users\admin\.m2\repository\com\baomidou\mybatis-plus-annotation\3.5.9\mybatis-plus-annotation-3.5.9.jar;C:\Users\admin\.m2\repository\com\baomidou\mybatis-plus-spring\3.5.9\mybatis-plus-spring-3.5.9.jar;C:\Users\admin\.m2\repository\com\baomidou\mybatis-plus-extension\3.5.9\mybatis-plus-extension-3.5.9.jar;C:\Users\admin\.m2\repository\com\baomidou\mybatis-plus-spring-boot-autoconfigure\3.5.9\mybatis-plus-spring-boot-autoconfigure-3.5.9.jar;C:\Users\admin\.m2\repository\org\mybatis\mybatis-spring\3.0.3\mybatis-spring-3.0.3.jar;C:\Users\admin\.m2\repository\io\jsonwebtoken\jjwt-api\0.11.5\jjwt-api-0.11.5.jar;C:\Users\admin\.m2\repository\io\jsonwebtoken\jjwt-impl\0.11.5\jjwt-impl-0.11.5.jar;C:\Users\admin\.m2\repository\io\jsonwebtoken\jjwt-jackson\0.11.5\jjwt-jackson-0.11.5.jar;C:\Users\admin\.m2\repository\com\fasterxml\jackson\core\jackson-databind\2.15.3\jackson-databind-2.15.3.jar;C:\Users\admin\.m2\repository\com\fasterxml\jackson\core\jackson-annotations\2.15.3\jackson-annotations-2.15.3.jar;C:\Users\admin\.m2\repository\com\fasterxml\jackson\core\jackson-core\2.15.3\jackson-core-2.15.3.jar;C:\Users\admin\.m2\repository\cn\hutool\hutool-all\5.8.22\hutool-all-5.8.22.jar;C:\Users\admin\.m2\repository\org\projectlombok\lombok\1.18.30\lombok-1.18.30.jar;C:\Users\admin\.m2\repository\org\apache\commons\commons-lang3\3.13.0\commons-lang3-3.13.0.jar;C:\Users\admin\.m2\repository\org\apache\poi\poi\5.2.4\poi-5.2.4.jar;C:\Users\admin\.m2\repository\commons-codec\commons-codec\1.16.0\commons-codec-1.16.0.jar;C:\Users\admin\.m2\repository\org\apache\commons\commons-collections4\4.4\commons-collections4-4.4.jar;C:\Users\admin\.m2\repository\org\apache\commons\commons-math3\3.6.1\commons-math3-3.6.1.jar;C:\Users\admin\.m2\repository\commons-io\commons-io\2.13.0\commons-io-2.13.0.jar;C:\Users\admin\.m2\repository\com\zaxxer\SparseBitSet\1.3\SparseBitSet-1.3.jar;C:\Users\admin\.m2\repository\org\apache\logging\log4j\log4j-api\2.21.1\log4j-api-2.21.1.jar;C:\Users\admin\.m2\repository\org\apache\poi\poi-ooxml\5.2.4\poi-ooxml-5.2.4.jar;C:\Users\admin\.m2\repository\org\apache\poi\poi-ooxml-lite\5.2.4\poi-ooxml-lite-5.2.4.jar;C:\Users\admin\.m2\repository\org\apache\xmlbeans\xmlbeans\5.1.1\xmlbeans-5.1.1.jar;C:\Users\admin\.m2\repository\org\apache\commons\commons-compress\1.24.0\commons-compress-1.24.0.jar;C:\Users\admin\.m2\repository\com\github\virtuald\curvesapi\1.08\curvesapi-1.08.jar;C:\Users\admin\.m2\repository\org\apache\poi\poi-scratchpad\5.2.4\poi-scratchpad-5.2.4.jar;C:\Users\admin\.m2\repository\jakarta\xml\bind\jakarta.xml.bind-api\4.0.1\jakarta.xml.bind-api-4.0.1.jar;C:\Users\admin\.m2\repository\jakarta\activation\jakarta.activation-api\2.1.2\jakarta.activation-api-2.1.2.jar;C:\Users\admin\.m2\repository\org\springframework\spring-core\6.1.1\spring-core-6.1.1.jar;C:\Users\admin\.m2\repository\org\springframework\spring-jcl\6.1.1\spring-jcl-6.1.1.jar; -sourcepath H:\Java\test\src\main\java;H:\Java\test\target\generated-sources\annotations; -s H:\Java\test\target\generated-sources\annotations -processorpath C:\Users\admin\.m2\repository\org\projectlombok\lombok\1.18.30\lombok-1.18.30.jar; -g -parameters --release 17 -encoding UTF-8
[DEBUG] incrementalBuildHelper#beforeRebuildExecution
[INFO] Compiling 54 source files with javac [debug release 17] to target\classes
[DEBUG] incrementalBuildHelper#afterRebuildExecution
[INFO] /H:/Java/test/src/main/java/com/hospital/performance/service/impl/MultiDimensionStatsServiceImpl.java: H:\Java\test\src\main\java\com\hospital\performance\service\impl\MultiDimensionStatsServiceImpl.java使用或覆盖了已过时的 API。
[INFO] /H:/Java/test/src/main/java/com/hospital/performance/service/impl/MultiDimensionStatsServiceImpl.java: 有关详细信息, 请使用 -Xlint:deprecation 重新编译。
[INFO] ------------------------------------------------------------------------
[INFO] BUILD SUCCESS
[INFO] ------------------------------------------------------------------------
[INFO] Total time:  23.806 s
[INFO] Finished at: 2025-08-04T02:32:19+08:00
[INFO] ------------------------------------------------------------------------
[DEBUG] Shutting down adapter factory; available factories [file-lock, rwlock-local, semaphore-local, noop]; available name mappers [discriminating, file-gav, file-hgav, file-static, gav, static]
[DEBUG] Shutting down 'file-lock' factory
[DEBUG] Shutting down 'rwlock-local' factory
[DEBUG] Shutting down 'semaphore-local' factory
[DEBUG] Shutting down 'noop' factory
